ARM Linker, 5.03 [Build 76] [MDK-ARM Professional]

==============================================================================

Section Cross References

    main.o(.rev16_text) refers (Special) to use_no_semi_2.o(.text) for __use_no_semihosting
    main.o(.revsh_text) refers (Special) to use_no_semi_2.o(.text) for __use_no_semihosting
    main.o(.rrx_text) refers (Special) to use_no_semi_2.o(.text) for __use_no_semihosting
    main.o(i.Error_Handler) refers (Special) to use_no_semi_2.o(.text) for __use_no_semihosting
    main.o(i.MX_GPIO_Init) refers (Special) to use_no_semi_2.o(.text) for __use_no_semihosting
    main.o(i.MX_GPIO_Init) refers to stm32f1xx_hal_gpio.o(i.HAL_GPIO_WritePin) for HAL_GPIO_WritePin
    main.o(i.MX_GPIO_Init) refers to stm32f1xx_hal_gpio.o(i.HAL_GPIO_Init) for HAL_GPIO_Init
    main.o(i.MX_SPI1_Init) refers (Special) to use_no_semi_2.o(.text) for __use_no_semihosting
    main.o(i.MX_SPI1_Init) refers to stm32f1xx_hal_spi_ex.o(i.HAL_SPI_Init) for HAL_SPI_Init
    main.o(i.MX_SPI1_Init) refers to main.o(i.Error_Handler) for Error_Handler
    main.o(i.MX_SPI1_Init) refers to main.o(.bss) for hspi1
    main.o(i.MX_TIM1_Init) refers (Special) to use_no_semi_2.o(.text) for __use_no_semihosting
    main.o(i.MX_TIM1_Init) refers to stm32f1xx_hal_tim.o(i.HAL_TIM_Base_Init) for HAL_TIM_Base_Init
    main.o(i.MX_TIM1_Init) refers to main.o(i.Error_Handler) for Error_Handler
    main.o(i.MX_TIM1_Init) refers to stm32f1xx_hal_tim.o(i.HAL_TIM_ConfigClockSource) for HAL_TIM_ConfigClockSource
    main.o(i.MX_TIM1_Init) refers to stm32f1xx_hal_tim_ex.o(i.HAL_TIMEx_MasterConfigSynchronization) for HAL_TIMEx_MasterConfigSynchronization
    main.o(i.MX_TIM1_Init) refers to main.o(.bss) for htim1
    main.o(i.MX_USART1_UART_Init) refers (Special) to use_no_semi_2.o(.text) for __use_no_semihosting
    main.o(i.MX_USART1_UART_Init) refers to stm32f1xx_hal_uart.o(i.HAL_UART_Init) for HAL_UART_Init
    main.o(i.MX_USART1_UART_Init) refers to main.o(i.Error_Handler) for Error_Handler
    main.o(i.MX_USART1_UART_Init) refers to main.o(.bss) for huart1
    main.o(i.SystemClock_Config) refers (Special) to use_no_semi_2.o(.text) for __use_no_semihosting
    main.o(i.SystemClock_Config) refers to stm32f1xx_hal_rcc.o(i.HAL_RCC_OscConfig) for HAL_RCC_OscConfig
    main.o(i.SystemClock_Config) refers to main.o(i.Error_Handler) for Error_Handler
    main.o(i.SystemClock_Config) refers to stm32f1xx_hal_rcc.o(i.HAL_RCC_ClockConfig) for HAL_RCC_ClockConfig
    main.o(i.SystemClock_Config) refers to stm32f1xx_hal_rcc.o(i.HAL_RCC_GetHCLKFreq) for HAL_RCC_GetHCLKFreq
    main.o(i.SystemClock_Config) refers to stm32f1xx_hal_cortex.o(i.HAL_SYSTICK_Config) for HAL_SYSTICK_Config
    main.o(i.SystemClock_Config) refers to stm32f1xx_hal_cortex.o(i.HAL_SYSTICK_CLKSourceConfig) for HAL_SYSTICK_CLKSourceConfig
    main.o(i.SystemClock_Config) refers to stm32f1xx_hal_cortex.o(i.HAL_NVIC_SetPriority) for HAL_NVIC_SetPriority
    main.o(i._sys_exit) refers (Special) to use_no_semi_2.o(.text) for __use_no_semihosting
    main.o(i.fputc) refers (Special) to use_no_semi_2.o(.text) for __use_no_semihosting
    main.o(i.fputc) refers to stm32f1xx_hal_uart.o(i.HAL_UART_Transmit) for HAL_UART_Transmit
    main.o(i.fputc) refers to main.o(.bss) for huart1
    main.o(i.main) refers (Special) to use_no_semi_2.o(.text) for __use_no_semihosting
    main.o(i.main) refers to _printf_percent.o(.ARM.Collect$$_printf_percent$$00000000) for _printf_percent
    main.o(i.main) refers to _printf_s.o(.ARM.Collect$$_printf_percent$$00000014) for _printf_s
    main.o(i.main) refers to _printf_str.o(.text) for _printf_str
    main.o(i.main) refers to _printf_d.o(.ARM.Collect$$_printf_percent$$00000009) for _printf_d
    main.o(i.main) refers to _printf_dec.o(.text) for _printf_int_dec
    main.o(i.main) refers to _printf_x.o(.ARM.Collect$$_printf_percent$$0000000C) for _printf_x
    main.o(i.main) refers to _printf_hex_int.o(.text) for _printf_longlong_hex
    main.o(i.main) refers to stm32f1xx_hal.o(i.HAL_Init) for HAL_Init
    main.o(i.main) refers to main.o(i.SystemClock_Config) for SystemClock_Config
    main.o(i.main) refers to main.o(i.MX_GPIO_Init) for MX_GPIO_Init
    main.o(i.main) refers to main.o(i.MX_SPI1_Init) for MX_SPI1_Init
    main.o(i.main) refers to main.o(i.MX_USART1_UART_Init) for MX_USART1_UART_Init
    main.o(i.main) refers to main.o(i.MX_TIM1_Init) for MX_TIM1_Init
    main.o(i.main) refers to noretval__2printf.o(.text) for __2printf
    main.o(i.main) refers to enc28j60.o(i.tapdev_init) for tapdev_init
    main.o(i.main) refers to stm32f1xx_hal.o(i.HAL_Delay) for HAL_Delay
    main.o(i.main) refers to enc28j60.o(i.tapdev_read) for tapdev_read
    main.o(i.main) refers to enc28j60.o(.data) for uip_len
    main.o(i.main) refers to enc28j60.o(.bss) for uip_buf
    main.o(.bss) refers (Special) to use_no_semi_2.o(.text) for __use_no_semihosting
    main.o(.data) refers (Special) to use_no_semi_2.o(.text) for __use_no_semihosting
[...]
    slipif.o(i.slipif_output_v4) refers to slipif.o(i.slipif_output) for slipif_output
    slipif.o(i.slipif_poll) refers to _printf_percent.o(.ARM.Collect$$_printf_percent$$00000000) for _printf_percent
    slipif.o(i.slipif_poll) refers to _printf_d.o(.ARM.Collect$$_printf_percent$$00000009) for _printf_d
    slipif.o(i.slipif_poll) refers to _printf_s.o(.ARM.Collect$$_printf_percent$$00000014) for _printf_s
    slipif.o(i.slipif_poll) refers to _printf_dec.o(.text) for _printf_int_dec
    slipif.o(i.slipif_poll) refers to _printf_str.o(.text) for _printf_str
    slipif.o(i.slipif_poll) refers to noretval__2printf.o(.text) for __2printf
    slipif.o(i.slipif_poll) refers to fflush.o(.text) for fflush
    slipif.o(i.slipif_poll) refers to abort.o(.text) for abort
    slipif.o(i.slipif_poll) refers to slipif.o(i.slipif_rxbyte_input) for slipif_rxbyte_input
    slipif.o(i.slipif_rxbyte) refers to _printf_percent.o(.ARM.Collect$$_printf_percent$$00000000) for _printf_percent
    slipif.o(i.slipif_rxbyte) refers to _printf_d.o(.ARM.Collect$$_printf_percent$$00000009) for _printf_d
    slipif.o(i.slipif_rxbyte) refers to _printf_s.o(.ARM.Collect$$_printf_percent$$00000014) for _printf_s
    slipif.o(i.slipif_rxbyte) refers to _printf_dec.o(.text) for _printf_int_dec
    slipif.o(i.slipif_rxbyte) refers to _printf_str.o(.text) for _printf_str
    slipif.o(i.slipif_rxbyte) refers to noretval__2printf.o(.text) for __2printf
    slipif.o(i.slipif_rxbyte) refers to fflush.o(.text) for fflush
    slipif.o(i.slipif_rxbyte) refers to abort.o(.text) for abort
    slipif.o(i.slipif_rxbyte) refers to pbuf.o(i.pbuf_realloc) for pbuf_realloc
    slipif.o(i.slipif_rxbyte) refers to pbuf.o(i.pbuf_alloc) for pbuf_alloc
    slipif.o(i.slipif_rxbyte) refers to pbuf.o(i.pbuf_cat) for pbuf_cat
    slipif.o(i.slipif_rxbyte) refers to stats.o(.bss) for lwip_stats
    slipif.o(i.slipif_rxbyte_input) refers to slipif.o(i.slipif_rxbyte) for slipif_rxbyte
    slipif.o(i.slipif_rxbyte_input) refers to pbuf.o(i.pbuf_free) for pbuf_free
    use_no_semi_2.o(.text) refers (Special) to use_no_semi.o(.text) for __use_no_semihosting_swi
    __2printf.o(.text) refers to _printf_char_file.o(.text) for _printf_char_file
    __2printf.o(.text) refers to stdio_streams.o(.bss) for __stdout
    noretval__2printf.o(.text) refers to _printf_char_file.o(.text) for _printf_char_file
    noretval__2printf.o(.text) refers to stdio_streams.o(.bss) for __stdout
    __printf.o(.text) refers to _printf_percent.o(.ARM.Collect$$_printf_percent$$00000000) for _printf_percent
    _printf_str.o(.text) refers (Special) to _printf_char.o(.text) for _printf_cs_common
    _printf_dec.o(.text) refers to _printf_intcommon.o(.text) for _printf_int_common
    _printf_hex_ll.o(.text) refers to _printf_intcommon.o(.text) for _printf_int_common
    _printf_hex_ll.o(.text) refers to _printf_hex_ll.o(.constdata) for .constdata
    _printf_hex_int.o(.text) refers to _printf_intcommon.o(.text) for _printf_int_common
    _printf_hex_int.o(.text) refers to _printf_hex_int.o(.constdata) for .constdata
    _printf_hex_int_ll.o(.text) refers to _printf_intcommon.o(.text) for _printf_int_common
    _printf_hex_int_ll.o(.text) refers to _printf_hex_int_ll.o(.constdata) for .constdata
    _printf_hex_ptr.o(.text) refers to _printf_intcommon.o(.text) for _printf_int_common
    _printf_hex_ptr.o(.text) refers to _printf_hex_ptr.o(.constdata) for .constdata
    _printf_hex_int_ptr.o(.text) refers to _printf_intcommon.o(.text) for _printf_int_common
    _printf_hex_int_ptr.o(.text) refers to _printf_hex_int_ptr.o(.constdata) for .constdata
    _printf_hex_ll_ptr.o(.text) refers to _printf_intcommon.o(.text) for _printf_int_common
    _printf_hex_ll_ptr.o(.text) refers to _printf_hex_ll_ptr.o(.constdata) for .constdata
    _printf_hex_int_ll_ptr.o(.text) refers to _printf_intcommon.o(.text) for _printf_int_common
    _printf_hex_int_ll_ptr.o(.text) refers to _printf_hex_int_ll_ptr.o(.constdata) for .constdata
    __printf_flags.o(.text) refers to _printf_percent.o(.ARM.Collect$$_printf_percent$$00000000) for _printf_percent
    __printf_flags.o(.text) refers to __printf_flags.o(.constdata) for .constdata
    __printf_ss.o(.text) refers to _printf_percent.o(.ARM.Collect$$_printf_percent$$00000000) for _printf_percent
    __printf_flags_ss.o(.text) refers to _printf_percent.o(.ARM.Collect$$_printf_percent$$00000000) for _printf_percent
    __printf_flags_ss.o(.text) refers to __printf_flags_ss.o(.constdata) for .constdata
    __printf_wp.o(.text) refers to __printf_wp.o(i._is_digit) for _is_digit
    __printf_wp.o(.text) refers to _printf_percent.o(.ARM.Collect$$_printf_percent$$00000000) for _printf_percent
    __printf_flags_wp.o(.text) refers to __printf_wp.o(i._is_digit) for _is_digit
    __printf_flags_wp.o(.text) refers to _printf_percent.o(.ARM.Collect$$_printf_percent$$00000000) for _printf_percent
    __printf_flags_wp.o(.text) refers to __printf_flags_wp.o(.constdata) for .constdata
    __printf_ss_wp.o(.text) refers to __printf_wp.o(i._is_digit) for _is_digit
    __printf_ss_wp.o(.text) refers to _printf_percent.o(.ARM.Collect$$_printf_percent$$00000000) for _printf_percent
    __printf_flags_ss_wp.o(.text) refers to __printf_wp.o(i._is_digit) for _is_digit
    __printf_flags_ss_wp.o(.text) refers to _printf_percent.o(.ARM.Collect$$_printf_percent$$00000000) for _printf_percent
    __printf_flags_ss_wp.o(.text) refers to __printf_flags_ss_wp.o(.constdata) for .constdata
    _printf_s.o(.ARM.Collect$$_printf_percent$$00000014) refers (Weak) to _printf_char.o(.text) for _printf_string
    _printf_x.o(.ARM.Collect$$_printf_percent$$0000000C) refers (Weak) to _printf_hex_int.o(.text) for _printf_int_hex
    _printf_d.o(.ARM.Collect$$_printf_percent$$00000009) refers (Weak) to _printf_dec.o(.text) for _printf_int_dec
    _printf_percent.o(.ARM.Collect$$_printf_percent$$00000000) refers (Special) to _printf_percent_end.o(.ARM.Collect$$_printf_percent$$00000017) for _printf_percent_end
    fflush.o(.text) refers to stdio.o(.text) for _fflush
    fflush.o(.text) refers to fseek.o(.text) for _fseek
    fflush.o(.text) refers to stdio_streams.o(.bss) for __stdin
    fflush_locked.o(.text) refers to stdio.o(.text) for _fflush
    fflush_locked.o(.text) refers to fseek.o(.text) for _fseek
    fflush_locked.o(.text) refers to fflush.o(.text) for _do_fflush
    fflush_locked.o(.text) refers to streamlock.o(.data) for _stream_list_lock
    fflush_locked.o(.text) refers to stdio_streams.o(.bss) for __stdin
    abort.o(.text) refers to defsig_abrt_outer.o(.text) for __rt_SIGABRT
    abort.o(.text) refers (Weak) to libshutdown.o(.ARM.Collect$$libshutdown$$00000000) for __rt_lib_shutdown
    abort.o(.text) refers to main.o(i._sys_exit) for _sys_exit
    rt_memcpy_v6.o(.text) refers to rt_memcpy_w.o(.text) for __aeabi_memcpy4
    rt_memclr.o(.text) refers to rt_memclr_w.o(.text) for _memset_w
    __main.o(!!!main) refers to rtentry.o(.ARM.Collect$$rtentry$$00000000) for __rt_entry
    rtentry.o(.ARM.Collect$$rtentry$$00000000) refers (Special) to rtentry2.o(.ARM.Collect$$rtentry$$0000000A) for __rt_entry_li
    rtentry.o(.ARM.Collect$$rtentry$$00000000) refers (Special) to rtentry2.o(.ARM.Collect$$rtentry$$0000000D) for __rt_entry_main
    rtentry.o(.ARM.Collect$$rtentry$$00000000) refers (Special) to rtentry2.o(.ARM.Collect$$rtentry$$0000000C) for __rt_entry_postli_1
    rtentry.o(.ARM.Collect$$rtentry$$00000000) refers (Special) to rtentry2.o(.ARM.Collect$$rtentry$$00000009) for __rt_entry_postsh_1
    rtentry.o(.ARM.Collect$$rtentry$$00000000) refers (Special) to rtentry2.o(.ARM.Collect$$rtentry$$00000002) for __rt_entry_presh_1
    rtentry.o(.ARM.Collect$$rtentry$$00000000) refers (Special) to rtentry4.o(.ARM.Collect$$rtentry$$00000004) for __rt_entry_sh
    _printf_char.o(.text) refers (Weak) to _printf_str.o(.text) for _printf_str
    _printf_char_file.o(.text) refers to _printf_char_common.o(.text) for _printf_char_common
    _printf_char_file.o(.text) refers to ferror.o(.text) for ferror
    _printf_char_file.o(.text) refers to main.o(i.fputc) for fputc
    fseek.o(.text) refers to sys_io.o(.text) for _sys_istty
    fseek.o(.text) refers to ftell.o(.text) for _ftell_internal
    fseek.o(.text) refers to stdio.o(.text) for _seterr
    stdio.o(.text) refers to sys_io.o(.text) for _sys_seek
    streamlock.o(.data) refers (Special) to initio.o(.text) for _initio
    stdio_streams.o(.bss) refers (Special) to initio.o(.text) for _initio
    stdio_streams.o(.bss) refers (Special) to initio.o(.text) for _initio
    stdio_streams.o(.bss) refers (Special) to initio.o(.text) for _initio
    stdio_streams.o(.data) refers (Special) to initio.o(.text) for _initio
    stdio_streams.o(.data) refers (Special) to initio.o(.text) for _initio
    stdio_streams.o(.data) refers (Special) to initio.o(.text) for _initio
    defsig_abrt_outer.o(.text) refers to defsig_abrt_inner.o(.text) for __rt_SIGABRT_inner
    defsig_abrt_outer.o(.text) refers to defsig_exit.o(.text) for __sig_exit
    defsig_abrt_formal.o(.text) refers to rt_raise.o(.text) for __rt_raise
    sys_io.o(.text) refers (Special) to use_no_semi.o(.text) for __I$use$semihosting
    sys_io.o(.text) refers (Special) to indicate_semi.o(.text) for __semihosting_library_function
    sys_io.o(.text) refers to strlen.o(.text) for strlen
    sys_io.o(.constdata) refers (Special) to use_no_semi.o(.text) for __I$use$semihosting
    sys_io.o(.constdata) refers (Special) to indicate_semi.o(.text) for __semihosting_library_function
    sys_io.o(.constdata) refers (Special) to use_no_semi.o(.text) for __I$use$semihosting
    sys_io.o(.constdata) refers (Special) to indicate_semi.o(.text) for __semihosting_library_function
    sys_io.o(.constdata) refers (Special) to use_no_semi.o(.text) for __I$use$semihosting
    sys_io.o(.constdata) refers (Special) to indicate_semi.o(.text) for __semihosting_library_function
    rtentry2.o(.ARM.Collect$$rtentry$$00000008) refers to boardinit2.o(.text) for _platform_post_stackheap_init
    rtentry2.o(.ARM.Collect$$rtentry$$0000000A) refers to libinit.o(.ARM.Collect$$libinit$$00000000) for __rt_lib_init
    rtentry2.o(.ARM.Collect$$rtentry$$0000000B) refers to boardinit3.o(.text) for _platform_post_lib_init
    rtentry2.o(.ARM.Collect$$rtentry$$0000000D) refers to main.o(i.main) for main
    rtentry2.o(.ARM.Collect$$rtentry$$0000000D) refers to exit.o(.text) for exit
    rtentry2.o(.ARM.exidx) refers to rtentry2.o(.ARM.Collect$$rtentry$$00000001) for .ARM.Collect$$rtentry$$00000001
    rtentry2.o(.ARM.exidx) refers to rtentry2.o(.ARM.Collect$$rtentry$$00000008) for .ARM.Collect$$rtentry$$00000008
    rtentry2.o(.ARM.exidx) refers to rtentry2.o(.ARM.Collect$$rtentry$$0000000A) for .ARM.Collect$$rtentry$$0000000A
    rtentry2.o(.ARM.exidx) refers to rtentry2.o(.ARM.Collect$$rtentry$$0000000B) for .ARM.Collect$$rtentry$$0000000B
    rtentry2.o(.ARM.exidx) refers to rtentry2.o(.ARM.Collect$$rtentry$$0000000D) for .ARM.Collect$$rtentry$$0000000D
    rtentry4.o(.ARM.Collect$$rtentry$$00000004) refers to sys_stackheap_outer.o(.text) for __user_setup_stackheap
    rtentry4.o(.ARM.exidx) refers to rtentry4.o(.ARM.Collect$$rtentry$$00000004) for .ARM.Collect$$rtentry$$00000004
    rt_raise.o(.text) refers to __raise.o(.text) for __raise
    rt_raise.o(.text) refers to main.o(i._sys_exit) for _sys_exit
    _printf_char_common.o(.text) refers to __printf.o(.text) for __printf
    ftell.o(.text) refers to rt_errno_addr_intlibspace.o(.text) for __aeabi_errno_addr
    initio.o(.text) refers (Special) to libinit2.o(.ARM.Collect$$libinit$$00000022) for __rt_lib_init_stdio_2
    initio.o(.text) refers (Special) to libshutdown2.o(.ARM.Collect$$libshutdown$$00000002) for __rt_lib_shutdown_stdio_2
    initio.o(.text) refers to rt_memclr_w.o(.text) for __aeabi_memclr4
    initio.o(.text) refers to fopen.o(.text) for freopen
    initio.o(.text) refers to defsig_rtred_outer.o(.text) for __rt_SIGRTRED
    initio.o(.text) refers to setvbuf.o(.text) for setvbuf
    initio.o(.text) refers to fclose.o(.text) for _fclose_internal
    initio.o(.text) refers to h1_free.o(.text) for free
    initio.o(.text) refers to stdio_streams.o(.bss) for __stdin
    initio.o(.text) refers to stdio_streams.o(.bss) for __stdout
    initio.o(.text) refers to stdio_streams.o(.bss) for __stderr
    initio.o(.text) refers to stdio_streams.o(.data) for __aeabi_stdin
    initio.o(.text) refers to stdio_streams.o(.data) for __aeabi_stdout
    initio.o(.text) refers to stdio_streams.o(.data) for __aeabi_stderr
    initio.o(.text) refers to sys_io.o(.constdata) for __stdin_name
    initio.o(.text) refers to sys_io.o(.constdata) for __stdout_name
    initio.o(.text) refers to sys_io.o(.constdata) for __stderr_name
    initio_locked.o(.text) refers (Special) to libinit2.o(.ARM.Collect$$libinit$$00000022) for __rt_lib_init_stdio_2
    initio_locked.o(.text) refers (Special) to libshutdown2.o(.ARM.Collect$$libshutdown$$00000002) for __rt_lib_shutdown_stdio_2
    initio_locked.o(.text) refers to rt_memclr_w.o(.text) for __aeabi_memclr4
    initio_locked.o(.text) refers to fopen.o(.text) for freopen
    initio_locked.o(.text) refers to defsig_rtred_outer.o(.text) for __rt_SIGRTRED
    initio_locked.o(.text) refers to setvbuf.o(.text) for setvbuf
    initio_locked.o(.text) refers to fclose.o(.text) for _fclose_internal
    initio_locked.o(.text) refers to h1_free.o(.text) for free
    initio_locked.o(.text) refers to stdio_streams.o(.bss) for __stdin
    initio_locked.o(.text) refers to stdio_streams.o(.bss) for __stdout
    initio_locked.o(.text) refers to stdio_streams.o(.bss) for __stderr
    initio_locked.o(.text) refers to stdio_streams.o(.data) for __aeabi_stdin
    initio_locked.o(.text) refers to stdio_streams.o(.data) for __aeabi_stdout
    initio_locked.o(.text) refers to stdio_streams.o(.data) for __aeabi_stderr
    initio_locked.o(.text) refers to streamlock.o(.data) for _stream_list_lock
    initio_locked.o(.text) refers to sys_io.o(.constdata) for __stdin_name
    initio_locked.o(.text) refers to sys_io.o(.constdata) for __stdout_name
    initio_locked.o(.text) refers to sys_io.o(.constdata) for __stderr_name
    defsig_exit.o(.text) refers to main.o(i._sys_exit) for _sys_exit
    defsig_abrt_inner.o(.text) refers to defsig_general.o(.text) for __default_signal_display
    sys_stackheap_outer.o(.text) refers to libspace.o(.text) for __user_perproc_libspace
    sys_stackheap_outer.o(.text) refers to startup_stm32f103x6.o(.text) for __user_initial_stackheap
    rt_errno_addr.o(.text) refers to rt_errno_addr.o(.bss) for __aeabi_errno_addr_data
    rt_errno_addr_intlibspace.o(.text) refers to libspace.o(.bss) for __libspace_start
    free.o(.text) refers (Special) to hguard.o(.text) for __heap$guard
    free.o(.text) refers to rt_heap_descriptor_intlibspace.o(.text) for __rt_heap_descriptor
    free.o(.text) refers to heapstubs.o(.text) for __Heap_Free
    h1_free.o(.text) refers to rt_heap_descriptor_intlibspace.o(.text) for __rt_heap_descriptor
    h1_free_mt.o(.text) refers to rt_heap_descriptor_intlibspace.o(.text) for __rt_heap_descriptor
    heap2.o(i._FDIterate) refers to heap2.o(.constdata) for .constdata
    heap2.o(i.___Heap_ProvideMemory$realtime) refers to fdtree.o(i._FDTree_Delete) for _FDTree_Delete
    heap2.o(i.___Heap_ProvideMemory$realtime) refers to fdtree.o(i._FDTree_Insert) for _FDTree_Insert
    heap2.o(i.___Heap_Stats$realtime) refers to heap2.o(i._Heap2_StatsIterate) for _Heap2_StatsIterate
    heap2.o(i.___Heap_Valid$realtime) refers to heap2.o(i._FDIterate) for _FDIterate
    heap2.o(i.___Heap_Valid$realtime) refers to heap2.o(.constdata) for .constdata
    heap2.o(i._free$realtime) refers to rt_heap_descriptor_intlibspace.o(.text) for __rt_heap_descriptor
    heap2.o(i._free$realtime) refers to fdtree.o(i._FDTree_Delete) for _FDTree_Delete
    heap2.o(i._free$realtime) refers to fdtree.o(i._FDTree_Insert) for _FDTree_Insert
    heap2.o(i._malloc$realtime) refers to rt_heap_descriptor_intlibspace.o(.text) for __rt_heap_descriptor
    heap2.o(i._malloc$realtime) refers to fdtree.o(i._FDTree_FindFirst) for _FDTree_FindFirst
    heap2.o(i._malloc$realtime) refers to init_alloc.o(.text) for __Heap_Full
    heap2.o(i._malloc$realtime) refers to fdtree.o(i._FDTree_RemoveNode) for _FDTree_RemoveNode
    heap2.o(i._malloc$realtime) refers to fdtree.o(i._FDTree_Insert) for _FDTree_Insert
    heap2.o(i._posix_memalign$realtime) refers to rt_heap_descriptor_intlibspace.o(.text) for __rt_heap_descriptor
    heap2.o(i._posix_memalign$realtime) refers to fdtree.o(i._FDTree_FindFirst) for _FDTree_FindFirst
    heap2.o(i._posix_memalign$realtime) refers to init_alloc.o(.text) for __Heap_Full
    heap2.o(i._posix_memalign$realtime) refers to fdtree.o(i._FDTree_RemoveNode) for _FDTree_RemoveNode
    heap2.o(i._posix_memalign$realtime) refers to fdtree.o(i._FDTree_Insert) for _FDTree_Insert
    heap2.o(i._realloc$realtime) refers to rt_heap_descriptor_intlibspace.o(.text) for __rt_heap_descriptor
    heap2.o(i._realloc$realtime) refers to fdtree.o(i._FDTree_Insert) for _FDTree_Insert
    heap2.o(i._realloc$realtime) refers to h1_free.o(.text) for free
    heap2.o(i._realloc$realtime) refers to h1_alloc.o(.text) for malloc
    heap2.o(i._realloc$realtime) refers to fdtree.o(i._FDTree_Delete) for _FDTree_Delete
    heap2.o(i._realloc$realtime) refers to rt_memcpy_w.o(.text) for __aeabi_memcpy4
    heap2mt.o(i._FDIterate) refers to heap2mt.o(.constdata) for .constdata
    heap2mt.o(i.___Heap_Initialize$realtime$concurrent) refers to mutex_dummy.o(.text) for _mutex_initialize
    heap2mt.o(i.___Heap_ProvideMemory$realtime$concurrent) refers to fdtree.o(i._FDTree_Delete) for _FDTree_Delete
    heap2mt.o(i.___Heap_ProvideMemory$realtime$concurrent) refers to fdtree.o(i._FDTree_Insert) for _FDTree_Insert
    heap2mt.o(i.___Heap_Stats$realtime$concurrent) refers to heap2mt.o(i._Heap2_StatsIterate) for _Heap2_StatsIterate
    heap2mt.o(i.___Heap_Valid$realtime$concurrent) refers to heap2mt.o(i._FDIterate) for _FDIterate
    heap2mt.o(i.___Heap_Valid$realtime$concurrent) refers to heap2mt.o(.constdata) for .constdata
    heap2mt.o(i._free$realtime$concurrent) refers to rt_heap_descriptor_intlibspace.o(.text) for __rt_heap_descriptor
    heap2mt.o(i._free$realtime$concurrent) refers to fdtree.o(i._FDTree_Delete) for _FDTree_Delete
    heap2mt.o(i._free$realtime$concurrent) refers to fdtree.o(i._FDTree_Insert) for _FDTree_Insert
    heap2mt.o(i._malloc$realtime$concurrent) refers to rt_heap_descriptor_intlibspace.o(.text) for __rt_heap_descriptor
    heap2mt.o(i._malloc$realtime$concurrent) refers to fdtree.o(i._FDTree_FindFirst) for _FDTree_FindFirst
    heap2mt.o(i._malloc$realtime$concurrent) refers to init_alloc.o(.text) for __Heap_Full
    heap2mt.o(i._malloc$realtime$concurrent) refers to fdtree.o(i._FDTree_RemoveNode) for _FDTree_RemoveNode
    heap2mt.o(i._malloc$realtime$concurrent) refers to fdtree.o(i._FDTree_Insert) for _FDTree_Insert
    heap2mt.o(i._posix_memalign$realtime$concurrent) refers to rt_heap_descriptor_intlibspace.o(.text) for __rt_heap_descriptor
    heap2mt.o(i._posix_memalign$realtime$concurrent) refers to fdtree.o(i._FDTree_FindFirst) for _FDTree_FindFirst
    heap2mt.o(i._posix_memalign$realtime$concurrent) refers to init_alloc.o(.text) for __Heap_Full
    heap2mt.o(i._posix_memalign$realtime$concurrent) refers to fdtree.o(i._FDTree_RemoveNode) for _FDTree_RemoveNode
    heap2mt.o(i._posix_memalign$realtime$concurrent) refers to fdtree.o(i._FDTree_Insert) for _FDTree_Insert
    heap2mt.o(i._realloc$realtime$concurrent) refers to rt_heap_descriptor_intlibspace.o(.text) for __rt_heap_descriptor
    heap2mt.o(i._realloc$realtime$concurrent) refers to fdtree.o(i._FDTree_Insert) for _FDTree_Insert
    heap2mt.o(i._realloc$realtime$concurrent) refers to h1_free.o(.text) for free
    heap2mt.o(i._realloc$realtime$concurrent) refers to h1_alloc.o(.text) for malloc
    heap2mt.o(i._realloc$realtime$concurrent) refers to fdtree.o(i._FDTree_Delete) for _FDTree_Delete
    heap2mt.o(i._realloc$realtime$concurrent) refers to rt_memcpy_w.o(.text) for __aeabi_memcpy4
    fopen.o(.text) refers to fclose.o(.text) for _fclose_internal
    fopen.o(.text) refers to sys_io.o(.text) for _sys_open
    fopen.o(.text) refers to fseek.o(.text) for _fseek
    fopen.o(.text) refers to h1_alloc.o(.text) for malloc
    fopen.o(.text) refers to rt_memclr_w.o(.text) for __aeabi_memclr4
    fopen.o(.text) refers to stdio_streams.o(.bss) for __stdin
    fclose.o(.text) refers to stdio.o(.text) for _fflush
    fclose.o(.text) refers to sys_io.o(.text) for _sys_close
    fclose.o(.text) refers to h1_free.o(.text) for free
    fclose.o(.text) refers to rt_memclr_w.o(.text) for __aeabi_memclr4
    fopen_locked.o(.text) refers to fclose.o(.text) for _fclose_internal
    fopen_locked.o(.text) refers to sys_io.o(.text) for _sys_open
    fopen_locked.o(.text) refers to fseek.o(.text) for _fseek
    fopen_locked.o(.text) refers to h1_alloc.o(.text) for malloc
    fopen_locked.o(.text) refers to rt_memclr_w.o(.text) for __aeabi_memclr4
    fopen_locked.o(.text) refers to streamlock.o(.data) for _stream_list_lock
    fopen_locked.o(.text) refers to stdio_streams.o(.bss) for __stdin
    exit.o(.text) refers to rtexit.o(.ARM.Collect$$rtexit$$00000000) for __rt_exit
    __raise.o(.text) refers to defsig.o(CL$$defsig) for __default_signal_handler
    defsig_general.o(.text) refers to sys_wrch.o(.text) for _ttywrch
    defsig_rtred_outer.o(.text) refers to defsig_rtred_inner.o(.text) for __rt_SIGRTRED_inner
    defsig_rtred_outer.o(.text) refers to defsig_exit.o(.text) for __sig_exit
    defsig_rtred_formal.o(.text) refers to rt_raise.o(.text) for __rt_raise
    libinit.o(.ARM.Collect$$libinit$$00000000) refers (Special) to libinit2.o(.ARM.Collect$$libinit$$0000002C) for __rt_lib_init_alloca_1
    libinit.o(.ARM.Collect$$libinit$$00000000) refers (Special) to libinit2.o(.ARM.Collect$$libinit$$0000002A) for __rt_lib_init_argv_1
    libinit.o(.ARM.Collect$$libinit$$00000000) refers (Special) to libinit2.o(.ARM.Collect$$libinit$$00000019) for __rt_lib_init_atexit_1
    libinit.o(.ARM.Collect$$libinit$$00000000) refers (Special) to libinit2.o(.ARM.Collect$$libinit$$0000001F) for __rt_lib_init_clock_1
    libinit.o(.ARM.Collect$$libinit$$00000000) refers (Special) to libinit2.o(.ARM.Collect$$libinit$$00000030) for __rt_lib_init_cpp_1
    libinit.o(.ARM.Collect$$libinit$$00000000) refers (Special) to libinit2.o(.ARM.Collect$$libinit$$0000002E) for __rt_lib_init_exceptions_1
    libinit.o(.ARM.Collect$$libinit$$00000000) refers (Special) to libinit2.o(.ARM.Collect$$libinit$$00000002) for __rt_lib_init_fp_1
    libinit.o(.ARM.Collect$$libinit$$00000000) refers (Special) to libinit2.o(.ARM.Collect$$libinit$$0000001D) for __rt_lib_init_fp_trap_1
    libinit.o(.ARM.Collect$$libinit$$00000000) refers (Special) to libinit2.o(.ARM.Collect$$libinit$$00000021) for __rt_lib_init_getenv_1
    libinit.o(.ARM.Collect$$libinit$$00000000) refers (Special) to libinit2.o(.ARM.Collect$$libinit$$00000008) for __rt_lib_init_heap_1
    libinit.o(.ARM.Collect$$libinit$$00000000) refers (Special) to libinit2.o(.ARM.Collect$$libinit$$0000000F) for __rt_lib_init_lc_collate_1
    libinit.o(.ARM.Collect$$libinit$$00000000) refers (Special) to libinit2.o(.ARM.Collect$$libinit$$00000011) for __rt_lib_init_lc_ctype_1
    libinit.o(.ARM.Collect$$libinit$$00000000) refers (Special) to libinit2.o(.ARM.Collect$$libinit$$00000013) for __rt_lib_init_lc_monetary_1
    libinit.o(.ARM.Collect$$libinit$$00000000) refers (Special) to libinit2.o(.ARM.Collect$$libinit$$00000015) for __rt_lib_init_lc_numeric_1
    libinit.o(.ARM.Collect$$libinit$$00000000) refers (Special) to libinit2.o(.ARM.Collect$$libinit$$00000017) for __rt_lib_init_lc_time_1
    libinit.o(.ARM.Collect$$libinit$$00000000) refers (Special) to libinit2.o(.ARM.Collect$$libinit$$0000000C) for __rt_lib_init_rand_1
    libinit.o(.ARM.Collect$$libinit$$00000000) refers (Special) to libinit2.o(.ARM.Collect$$libinit$$00000031) for __rt_lib_init_return
    libinit.o(.ARM.Collect$$libinit$$00000000) refers (Special) to libinit2.o(.ARM.Collect$$libinit$$0000001B) for __rt_lib_init_signal_1
    libinit.o(.ARM.Collect$$libinit$$00000000) refers (Special) to libinit2.o(.ARM.Collect$$libinit$$00000023) for __rt_lib_init_stdio_1
    libinit.o(.ARM.Collect$$libinit$$00000000) refers (Special) to libinit2.o(.ARM.Collect$$libinit$$0000000A) for __rt_lib_init_user_alloc_1
    libinit2.o(.ARM.Collect$$libinit$$00000003) refers (Weak) to init_alloc.o(.text) for _init_alloc
    libinit2.o(.ARM.Collect$$libinit$$0000000E) refers to libinit2.o(.ARM.Collect$$libinit$$0000000D) for .ARM.Collect$$libinit$$0000000D
    libinit2.o(.ARM.Collect$$libinit$$00000010) refers to libinit2.o(.ARM.Collect$$libinit$$0000000D) for .ARM.Collect$$libinit$$0000000D
    libinit2.o(.ARM.Collect$$libinit$$00000012) refers to libinit2.o(.ARM.Collect$$libinit$$0000000D) for .ARM.Collect$$libinit$$0000000D
    libinit2.o(.ARM.Collect$$libinit$$00000014) refers to libinit2.o(.ARM.Collect$$libinit$$0000000D) for .ARM.Collect$$libinit$$0000000D
    libinit2.o(.ARM.Collect$$libinit$$00000016) refers to libinit2.o(.ARM.Collect$$libinit$$0000000D) for .ARM.Collect$$libinit$$0000000D
    libinit2.o(.ARM.Collect$$libinit$$00000022) refers (Weak) to initio.o(.text) for _initio
    libinit2.o(.ARM.Collect$$libinit$$00000024) refers to argv_veneer.o(.emb_text) for __ARM_argv_veneer
    libinit2.o(.ARM.Collect$$libinit$$00000025) refers to argv_veneer.o(.emb_text) for __ARM_argv_veneer
    libshutdown2.o(.ARM.Collect$$libshutdown$$00000002) refers (Weak) to initio.o(.text) for _terminateio
    libshutdown2.o(.ARM.Collect$$libshutdown$$0000000C) refers (Weak) to term_alloc.o(.text) for _terminate_alloc
    sys_wrch.o(.text) refers (Special) to use_no_semi.o(.text) for __I$use$semihosting
    sys_wrch.o(.text) refers (Special) to indicate_semi.o(.text) for __semihosting_library_function
    libspace.o(.text) refers to libspace.o(.bss) for __libspace_start
    rtexit.o(.ARM.Collect$$rtexit$$00000000) refers (Special) to rtexit2.o(.ARM.Collect$$rtexit$$00000004) for __rt_exit_exit
    rtexit.o(.ARM.Collect$$rtexit$$00000000) refers (Special) to rtexit2.o(.ARM.Collect$$rtexit$$00000003) for __rt_exit_ls
    rtexit.o(.ARM.Collect$$rtexit$$00000000) refers (Special) to rtexit2.o(.ARM.Collect$$rtexit$$00000002) for __rt_exit_prels_1
    rtexit.o(.ARM.exidx) refers (Special) to rtexit2.o(.ARM.Collect$$rtexit$$00000004) for __rt_exit_exit
    rtexit.o(.ARM.exidx) refers (Special) to rtexit2.o(.ARM.Collect$$rtexit$$00000003) for __rt_exit_ls
    rtexit.o(.ARM.exidx) refers (Special) to rtexit2.o(.ARM.Collect$$rtexit$$00000002) for __rt_exit_prels_1
    rtexit.o(.ARM.exidx) refers to rtexit.o(.ARM.Collect$$rtexit$$00000000) for .ARM.Collect$$rtexit$$00000000
    rt_heap_descriptor.o(.text) refers to rt_heap_descriptor.o(.bss) for __rt_heap_descriptor_data
    rt_heap_descriptor_intlibspace.o(.text) refers to libspace.o(.bss) for __libspace_start
    init_alloc.o(.text) refers (Special) to hguard.o(.text) for __heap$guard
    init_alloc.o(.text) refers (Special) to libinit2.o(.ARM.Collect$$libinit$$00000003) for __rt_lib_init_heap_2
    init_alloc.o(.text) refers (Special) to maybetermalloc1.o(.emb_text) for _maybe_terminate_alloc
    init_alloc.o(.text) refers to h1_extend.o(.text) for __Heap_ProvideMemory
    init_alloc.o(.text) refers to defsig_rtmem_outer.o(.text) for __rt_SIGRTMEM
    init_alloc.o(.text) refers to rt_heap_descriptor_intlibspace.o(.text) for __rt_heap_descriptor
    init_alloc.o(.text) refers to h1_init.o(.text) for __Heap_Initialize
    malloc.o(.text) refers (Special) to hguard.o(.text) for __heap$guard
    malloc.o(.text) refers (Special) to init_alloc.o(.text) for _init_alloc
    malloc.o(.text) refers to rt_heap_descriptor_intlibspace.o(.text) for __rt_heap_descriptor
    malloc.o(.text) refers to heapstubs.o(.text) for __Heap_Alloc
    h1_alloc.o(.text) refers (Special) to h1_init.o(.text) for __Heap_Initialize
    h1_alloc.o(.text) refers to rt_heap_descriptor_intlibspace.o(.text) for __rt_heap_descriptor
    h1_alloc.o(.text) refers to init_alloc.o(.text) for __Heap_Full
    h1_alloc_mt.o(.text) refers (Special) to h1_init.o(.text) for __Heap_Initialize
    h1_alloc_mt.o(.text) refers to init_alloc.o(.text) for __Heap_Full
    h1_alloc_mt.o(.text) refers to rt_heap_descriptor_intlibspace.o(.text) for __rt_heap_descriptor
    defsig_rtred_inner.o(.text) refers to defsig_general.o(.text) for __default_signal_display
    defsig.o(CL$$defsig) refers to defsig_abrt_inner.o(.text) for __rt_SIGABRT_inner
    defsig.o(CL$$defsig) refers to defsig_rtred_inner.o(.text) for __rt_SIGRTRED_inner
    defsig.o(CL$$defsig) refers to defsig_rtmem_inner.o(.text) for __rt_SIGRTMEM_inner
    argv_veneer.o(.emb_text) refers to no_argv.o(.text) for __ARM_get_argv
    rtexit2.o(.ARM.Collect$$rtexit$$00000003) refers to libshutdown.o(.ARM.Collect$$libshutdown$$00000000) for __rt_lib_shutdown
    rtexit2.o(.ARM.Collect$$rtexit$$00000004) refers to main.o(i._sys_exit) for _sys_exit
    rtexit2.o(.ARM.exidx) refers to rtexit2.o(.ARM.Collect$$rtexit$$00000001) for .ARM.Collect$$rtexit$$00000001
    rtexit2.o(.ARM.exidx) refers to rtexit2.o(.ARM.Collect$$rtexit$$00000003) for .ARM.Collect$$rtexit$$00000003
    rtexit2.o(.ARM.exidx) refers to rtexit2.o(.ARM.Collect$$rtexit$$00000004) for .ARM.Collect$$rtexit$$00000004
    maybetermalloc2.o(.emb_text) refers (Special) to term_alloc.o(.text) for _terminate_alloc
    h1_extend.o(.text) refers to h1_free.o(.text) for free
    h1_init_mt.o(.text) refers to mutex_dummy.o(.text) for _mutex_initialize
    h1_extend_mt.o(.text) refers to h1_free_mt.o(.text) for _free_internal
    defsig_fpe_inner.o(.text) refers to defsig_general.o(.text) for __default_signal_display
    defsig_rtmem_inner.o(.text) refers to defsig_general.o(.text) for __default_signal_display
    defsig_rtmem_outer.o(.text) refers to defsig_rtmem_inner.o(.text) for __rt_SIGRTMEM_inner
    defsig_rtmem_outer.o(.text) refers to defsig_exit.o(.text) for __sig_exit
    defsig_rtmem_formal.o(.text) refers to rt_raise.o(.text) for __rt_raise
    defsig_stak_inner.o(.text) refers to defsig_general.o(.text) for __default_signal_display
    defsig_pvfn_inner.o(.text) refers to defsig_general.o(.text) for __default_signal_display
    defsig_cppl_inner.o(.text) refers to defsig_general.o(.text) for __default_signal_display
    defsig_segv_inner.o(.text) refers to defsig_general.o(.text) for __default_signal_display
    defsig_other.o(.text) refers to defsig_general.o(.text) for __default_signal_display
    heapauxa.o(.text) refers to heapauxa.o(.data) for .data
    _get_argv.o(.text) refers (Special) to hrguard.o(.text) for __heap_region$guard
    _get_argv.o(.text) refers to h1_alloc.o(.text) for malloc
    _get_argv.o(.text) refers to defsig_rtmem_outer.o(.text) for __rt_SIGRTMEM
    _get_argv.o(.text) refers to sys_command.o(.text) for _sys_command_string
    _get_argv_nomalloc.o(.text) refers (Special) to hrguard.o(.text) for __heap_region$guard
    _get_argv_nomalloc.o(.text) refers to defsig_rtmem_outer.o(.text) for __rt_SIGRTMEM
    _get_argv_nomalloc.o(.text) refers to sys_command.o(.text) for _sys_command_string
    sys_command.o(.text) refers (Special) to use_no_semi.o(.text) for __I$use$semihosting
    sys_command.o(.text) refers (Special) to indicate_semi.o(.text) for __semihosting_library_function
    term_alloc.o(.text) refers (Special) to libshutdown2.o(.ARM.Collect$$libshutdown$$0000000D) for __rt_lib_shutdown_heap_2
    term_alloc.o(.text) refers to rt_heap_descriptor_intlibspace.o(.text) for __rt_heap_descriptor
    term_alloc.o(.text) refers to h1_final.o(.text) for __Heap_Finalize
    libshutdown.o(.ARM.Collect$$libshutdown$$00000000) refers (Special) to libshutdown2.o(.ARM.Collect$$libshutdown$$00000006) for __rt_lib_shutdown_fp_trap_1
    libshutdown.o(.ARM.Collect$$libshutdown$$00000000) refers (Special) to libshutdown2.o(.ARM.Collect$$libshutdown$$0000000E) for __rt_lib_shutdown_heap_1
    libshutdown.o(.ARM.Collect$$libshutdown$$00000000) refers (Special) to libshutdown2.o(.ARM.Collect$$libshutdown$$0000000F) for __rt_lib_shutdown_return
    libshutdown.o(.ARM.Collect$$libshutdown$$00000000) refers (Special) to libshutdown2.o(.ARM.Collect$$libshutdown$$00000009) for __rt_lib_shutdown_signal_1
    libshutdown.o(.ARM.Collect$$libshutdown$$00000000) refers (Special) to libshutdown2.o(.ARM.Collect$$libshutdown$$00000003) for __rt_lib_shutdown_stdio_1
    libshutdown.o(.ARM.Collect$$libshutdown$$00000000) refers (Special) to libshutdown2.o(.ARM.Collect$$libshutdown$$0000000B) for __rt_lib_shutdown_user_alloc_1


==============================================================================

Removing Unused input sections from the image.

    Removing main.o(.rev16_text), (4 bytes).
    Removing main.o(.revsh_text), (4 bytes).
    Removing main.o(.rrx_text), (6 bytes).
    Removing main.o(.data), (80 bytes).
    Removing stm32f1xx_hal_msp.o(.rev16_text), (4 bytes).
    Removing stm32f1xx_hal_msp.o(.revsh_text), (4 bytes).
    Removing stm32f1xx_hal_msp.o(.rrx_text), (6 bytes).
    Removing stm32f1xx_hal_msp.o(i.HAL_SPI_MspDeInit), (48 bytes).
    Removing stm32f1xx_hal_msp.o(i.HAL_TIM_Base_MspDeInit), (32 bytes).
    Removing stm32f1xx_hal_msp.o(i.HAL_UART_MspDeInit), (48 bytes).
    Removing stm32f1xx_it.o(.rev16_text), (4 bytes).
    Removing stm32f1xx_it.o(.revsh_text), (4 bytes).
    Removing stm32f1xx_it.o(.rrx_text), (6 bytes).
    Removing enc28j60.o(.rev16_text), (4 bytes).
    Removing enc28j60.o(.revsh_text), (4 bytes).
    Removing enc28j60.o(.rrx_text), (6 bytes).
    Removing enc28j60.o(i.ENC28J60_Get_EREVID), (10 bytes).
    Removing enc28j60.o(i.ENC28J60_Packet_Send), (102 bytes).
    Removing enc28j60.o(i.ENC28J60_Write_Buf), (100 bytes).
    Removing enc28j60.o(i.tapdev_send), (24 bytes).
    Removing stm32f1xx_hal_cortex.o(.rev16_text), (4 bytes).
    Removing stm32f1xx_hal_cortex.o(.revsh_text), (4 bytes).
    Removing stm32f1xx_hal_cortex.o(.rrx_text), (6 bytes).
    Removing stm32f1xx_hal_cortex.o(i.HAL_NVIC_ClearPendingIRQ), (28 bytes).
    Removing stm32f1xx_hal_cortex.o(i.HAL_NVIC_DisableIRQ), (28 bytes).
    Removing stm32f1xx_hal_cortex.o(i.HAL_NVIC_EnableIRQ), (28 bytes).
    Removing stm32f1xx_hal_cortex.o(i.HAL_NVIC_GetActive), (40 bytes).
    Removing stm32f1xx_hal_cortex.o(i.HAL_NVIC_GetPendingIRQ), (40 bytes).
    Removing stm32f1xx_hal_cortex.o(i.HAL_NVIC_GetPriority), (148 bytes).
    Removing stm32f1xx_hal_cortex.o(i.HAL_NVIC_GetPriorityGrouping), (8 bytes).
    Removing stm32f1xx_hal_cortex.o(i.HAL_NVIC_SetPendingIRQ), (28 bytes).
    Removing stm32f1xx_hal_cortex.o(i.HAL_NVIC_SystemReset), (68 bytes).
    Removing stm32f1xx_hal.o(.rev16_text), (4 bytes).
    Removing stm32f1xx_hal.o(.revsh_text), (4 bytes).
    Removing stm32f1xx_hal.o(.rrx_text), (6 bytes).
    Removing stm32f1xx_hal.o(i.HAL_DBGMCU_DisableDBGSleepMode), (20 bytes).
    Removing stm32f1xx_hal.o(i.HAL_DBGMCU_DisableDBGStandbyMode), (20 bytes).
    Removing stm32f1xx_hal.o(i.HAL_DBGMCU_DisableDBGStopMode), (20 bytes).
    Removing stm32f1xx_hal.o(i.HAL_DBGMCU_EnableDBGSleepMode), (20 bytes).
    Removing stm32f1xx_hal.o(i.HAL_DBGMCU_EnableDBGStandbyMode), (20 bytes).
    Removing stm32f1xx_hal.o(i.HAL_DBGMCU_EnableDBGStopMode), (20 bytes).
    Removing stm32f1xx_hal.o(i.HAL_DeInit), (36 bytes).
    Removing stm32f1xx_hal.o(i.HAL_GetDEVID), (16 bytes).
    Removing stm32f1xx_hal.o(i.HAL_GetHalVersion), (8 bytes).
    Removing stm32f1xx_hal.o(i.HAL_GetREVID), (28 bytes).
    Removing stm32f1xx_hal.o(i.HAL_MspDeInit), (2 bytes).
    Removing stm32f1xx_hal.o(i.HAL_MspInit), (2 bytes).
    Removing stm32f1xx_hal.o(i.HAL_ResumeTick), (18 bytes).
    Removing stm32f1xx_hal.o(i.HAL_SuspendTick), (18 bytes).
    Removing stm32f1xx_hal_rcc_ex.o(.rev16_text), (4 bytes).
    Removing stm32f1xx_hal_rcc_ex.o(.revsh_text), (4 bytes).
    Removing stm32f1xx_hal_rcc_ex.o(.rrx_text), (6 bytes).
    Removing stm32f1xx_hal_rcc_ex.o(i.HAL_RCCEx_GetPeriphCLKConfig), (60 bytes).
    Removing stm32f1xx_hal_rcc_ex.o(i.HAL_RCCEx_GetPeriphCLKFreq), (328 bytes).
    Removing stm32f1xx_hal_rcc_ex.o(i.HAL_RCCEx_PeriphCLKConfig), (364 bytes).
    Removing stm32f1xx_hal_gpio_ex.o(.rev16_text), (4 bytes).
    Removing stm32f1xx_hal_gpio_ex.o(.revsh_text), (4 bytes).
    Removing stm32f1xx_hal_gpio_ex.o(.rrx_text), (6 bytes).
    Removing stm32f1xx_hal_gpio_ex.o(i.HAL_GPIOEx_ConfigEventout), (24 bytes).
    Removing stm32f1xx_hal_gpio_ex.o(i.HAL_GPIOEx_DisableEventout), (20 bytes).
    Removing stm32f1xx_hal_gpio_ex.o(i.HAL_GPIOEx_EnableEventout), (20 bytes).
    Removing stm32f1xx_hal_gpio.o(.rev16_text), (4 bytes).
    Removing stm32f1xx_hal_gpio.o(.revsh_text), (4 bytes).
    Removing stm32f1xx_hal_gpio.o(.rrx_text), (6 bytes).
    Removing stm32f1xx_hal_gpio.o(i.HAL_GPIO_DeInit), (292 bytes).
    Removing stm32f1xx_hal_gpio.o(i.HAL_GPIO_EXTI_Callback), (2 bytes).
    Removing stm32f1xx_hal_gpio.o(i.HAL_GPIO_EXTI_IRQHandler), (28 bytes).
    Removing stm32f1xx_hal_gpio.o(i.HAL_GPIO_LockPin), (46 bytes).
    Removing stm32f1xx_hal_gpio.o(i.HAL_GPIO_ReadPin), (16 bytes).
    Removing stm32f1xx_hal_gpio.o(i.HAL_GPIO_TogglePin), (8 bytes).
    Removing stm32f1xx_hal_rcc.o(.rev16_text), (4 bytes).
    Removing stm32f1xx_hal_rcc.o(.revsh_text), (4 bytes).
    Removing stm32f1xx_hal_rcc.o(.rrx_text), (6 bytes).
    Removing stm32f1xx_hal_rcc.o(i.HAL_RCC_CSSCallback), (2 bytes).
    Removing stm32f1xx_hal_rcc.o(i.HAL_RCC_DeInit), (96 bytes).
    Removing stm32f1xx_hal_rcc.o(i.HAL_RCC_DisableCSS), (28 bytes).
    Removing stm32f1xx_hal_rcc.o(i.HAL_RCC_EnableCSS), (24 bytes).
    Removing stm32f1xx_hal_rcc.o(i.HAL_RCC_GetClockConfig), (68 bytes).
    Removing stm32f1xx_hal_rcc.o(i.HAL_RCC_GetOscConfig), (212 bytes).
    Removing stm32f1xx_hal_rcc.o(i.HAL_RCC_MCOConfig), (100 bytes).
    Removing stm32f1xx_hal_rcc.o(i.HAL_RCC_NMI_IRQHandler), (32 bytes).
    Removing stm32f1xx_hal_dma.o(.rev16_text), (4 bytes).
    Removing stm32f1xx_hal_dma.o(.revsh_text), (4 bytes).
    Removing stm32f1xx_hal_dma.o(.rrx_text), (6 bytes).
    Removing stm32f1xx_hal_dma.o(i.DMA_SetConfig), (32 bytes).
    Removing stm32f1xx_hal_dma.o(i.HAL_DMA_Abort), (96 bytes).
    Removing stm32f1xx_hal_dma.o(i.HAL_DMA_DeInit), (368 bytes).
    Removing stm32f1xx_hal_dma.o(i.HAL_DMA_GetError), (6 bytes).
    Removing stm32f1xx_hal_dma.o(i.HAL_DMA_GetState), (8 bytes).
    Removing stm32f1xx_hal_dma.o(i.HAL_DMA_IRQHandler), (784 bytes).
    Removing stm32f1xx_hal_dma.o(i.HAL_DMA_Init), (84 bytes).
    Removing stm32f1xx_hal_dma.o(i.HAL_DMA_PollForTransfer), (736 bytes).
    Removing stm32f1xx_hal_dma.o(i.HAL_DMA_Start), (82 bytes).
    Removing stm32f1xx_hal_dma.o(i.HAL_DMA_Start_IT), (118 bytes).
    Removing stm32f1xx_hal_spi_ex.o(.rev16_text), (4 bytes).
    Removing stm32f1xx_hal_spi_ex.o(.revsh_text), (4 bytes).
    Removing stm32f1xx_hal_spi_ex.o(.rrx_text), (6 bytes).
    Removing stm32f1xx_hal_spi_ex.o(i.SPI_ISCRCErrorValid), (6 bytes).
    Removing stm32f1xx_hal_flash.o(.rev16_text), (4 bytes).
    Removing stm32f1xx_hal_flash.o(.revsh_text), (4 bytes).
    Removing stm32f1xx_hal_flash.o(.rrx_text), (6 bytes).
    Removing stm32f1xx_hal_flash.o(i.FLASH_Program_HalfWord), (32 bytes).
    Removing stm32f1xx_hal_flash.o(i.FLASH_SetErrorCode), (104 bytes).
    Removing stm32f1xx_hal_flash.o(i.FLASH_WaitForLastOperation), (108 bytes).
    Removing stm32f1xx_hal_flash.o(i.HAL_FLASH_EndOfOperationCallback), (2 bytes).
    Removing stm32f1xx_hal_flash.o(i.HAL_FLASH_GetError), (12 bytes).
    Removing stm32f1xx_hal_flash.o(i.HAL_FLASH_IRQHandler), (384 bytes).
    Removing stm32f1xx_hal_flash.o(i.HAL_FLASH_Lock), (20 bytes).
    Removing stm32f1xx_hal_flash.o(i.HAL_FLASH_OB_Launch), (10 bytes).
    Removing stm32f1xx_hal_flash.o(i.HAL_FLASH_OB_Lock), (20 bytes).
    Removing stm32f1xx_hal_flash.o(i.HAL_FLASH_OB_Unlock), (44 bytes).
    Removing stm32f1xx_hal_flash.o(i.HAL_FLASH_OperationErrorCallback), (2 bytes).
    Removing stm32f1xx_hal_flash.o(i.HAL_FLASH_Program), (180 bytes).
    Removing stm32f1xx_hal_flash.o(i.HAL_FLASH_Program_IT), (124 bytes).
    Removing stm32f1xx_hal_flash.o(i.HAL_FLASH_Unlock), (44 bytes).
    Removing stm32f1xx_hal_flash.o(.bss), (32 bytes).
    Removing stm32f1xx_hal_pwr.o(.rev16_text), (4 bytes).
    Removing stm32f1xx_hal_pwr.o(.revsh_text), (4 bytes).
    Removing stm32f1xx_hal_pwr.o(.rrx_text), (6 bytes).
    Removing stm32f1xx_hal_pwr.o(i.HAL_PWR_ConfigPVD), (180 bytes).
    Removing stm32f1xx_hal_pwr.o(i.HAL_PWR_DeInit), (28 bytes).
    Removing stm32f1xx_hal_pwr.o(i.HAL_PWR_DisableBkUpAccess), (28 bytes).
    Removing stm32f1xx_hal_pwr.o(i.HAL_PWR_DisablePVD), (24 bytes).
    Removing stm32f1xx_hal_pwr.o(i.HAL_PWR_DisableSEVOnPend), (20 bytes).
    Removing stm32f1xx_hal_pwr.o(i.HAL_PWR_DisableSleepOnExit), (20 bytes).
    Removing stm32f1xx_hal_pwr.o(i.HAL_PWR_DisableWakeUpPin), (28 bytes).
    Removing stm32f1xx_hal_pwr.o(i.HAL_PWR_EnableBkUpAccess), (24 bytes).
    Removing stm32f1xx_hal_pwr.o(i.HAL_PWR_EnablePVD), (24 bytes).
    Removing stm32f1xx_hal_pwr.o(i.HAL_PWR_EnableSEVOnPend), (20 bytes).
    Removing stm32f1xx_hal_pwr.o(i.HAL_PWR_EnableSleepOnExit), (20 bytes).
    Removing stm32f1xx_hal_pwr.o(i.HAL_PWR_EnableWakeUpPin), (28 bytes).
    Removing stm32f1xx_hal_pwr.o(i.HAL_PWR_EnterSLEEPMode), (32 bytes).
    Removing stm32f1xx_hal_pwr.o(i.HAL_PWR_EnterSTANDBYMode), (40 bytes).
    Removing stm32f1xx_hal_pwr.o(i.HAL_PWR_EnterSTOPMode), (84 bytes).
    Removing stm32f1xx_hal_pwr.o(i.HAL_PWR_PVDCallback), (2 bytes).
    Removing stm32f1xx_hal_pwr.o(i.HAL_PWR_PVD_IRQHandler), (32 bytes).
    Removing stm32f1xx_hal_pwr.o(i.PWR_OverloadWfe), (6 bytes).
    Removing stm32f1xx_hal_spi.o(.rev16_text), (4 bytes).
    Removing stm32f1xx_hal_spi.o(.revsh_text), (4 bytes).
    Removing stm32f1xx_hal_spi.o(.rrx_text), (6 bytes).
    Removing stm32f1xx_hal_spi.o(i.HAL_SPI_DMAPause), (62 bytes).
    Removing stm32f1xx_hal_spi.o(i.HAL_SPI_DMAResume), (62 bytes).
    Removing stm32f1xx_hal_spi.o(i.HAL_SPI_DMAStop), (58 bytes).
    Removing stm32f1xx_hal_spi.o(i.HAL_SPI_DeInit), (54 bytes).
    Removing stm32f1xx_hal_spi.o(i.HAL_SPI_ErrorCallback), (2 bytes).
    Removing stm32f1xx_hal_spi.o(i.HAL_SPI_GetError), (6 bytes).
    Removing stm32f1xx_hal_spi.o(i.HAL_SPI_GetState), (8 bytes).
    Removing stm32f1xx_hal_spi.o(i.HAL_SPI_IRQHandler), (228 bytes).
    Removing stm32f1xx_hal_spi.o(i.HAL_SPI_Init), (124 bytes).
    Removing stm32f1xx_hal_spi.o(i.HAL_SPI_MspDeInit), (2 bytes).
    Removing stm32f1xx_hal_spi.o(i.HAL_SPI_MspInit), (2 bytes).
    Removing stm32f1xx_hal_spi.o(i.HAL_SPI_Receive), (588 bytes).
    Removing stm32f1xx_hal_spi.o(i.HAL_SPI_Receive_DMA), (272 bytes).
    Removing stm32f1xx_hal_spi.o(i.HAL_SPI_Receive_IT), (228 bytes).
    Removing stm32f1xx_hal_spi.o(i.HAL_SPI_RxCpltCallback), (2 bytes).
    Removing stm32f1xx_hal_spi.o(i.HAL_SPI_RxHalfCpltCallback), (2 bytes).
    Removing stm32f1xx_hal_spi.o(i.HAL_SPI_Transmit), (448 bytes).
    Removing stm32f1xx_hal_spi.o(i.HAL_SPI_TransmitReceive_DMA), (332 bytes).
    Removing stm32f1xx_hal_spi.o(i.HAL_SPI_TransmitReceive_IT), (204 bytes).
    Removing stm32f1xx_hal_spi.o(i.HAL_SPI_Transmit_DMA), (232 bytes).
    Removing stm32f1xx_hal_spi.o(i.HAL_SPI_Transmit_IT), (204 bytes).
    Removing stm32f1xx_hal_spi.o(i.HAL_SPI_TxCpltCallback), (2 bytes).
    Removing stm32f1xx_hal_spi.o(i.HAL_SPI_TxHalfCpltCallback), (2 bytes).
    Removing stm32f1xx_hal_spi.o(i.HAL_SPI_TxRxCpltCallback), (2 bytes).
    Removing stm32f1xx_hal_spi.o(i.HAL_SPI_TxRxHalfCpltCallback), (2 bytes).
    Removing stm32f1xx_hal_spi.o(i.SPI_2LinesRxISR), (56 bytes).
    Removing stm32f1xx_hal_spi.o(i.SPI_DMAError), (34 bytes).
    Removing stm32f1xx_hal_spi.o(i.SPI_DMAHalfReceiveCplt), (14 bytes).
    Removing stm32f1xx_hal_spi.o(i.SPI_DMAHalfTransmitCplt), (14 bytes).
    Removing stm32f1xx_hal_spi.o(i.SPI_DMAHalfTransmitReceiveCplt), (14 bytes).
    Removing stm32f1xx_hal_spi.o(i.SPI_DMAReceiveCplt), (246 bytes).
    Removing stm32f1xx_hal_spi.o(i.SPI_DMATransmitCplt), (124 bytes).
    Removing stm32f1xx_hal_spi.o(i.SPI_DMATransmitReceiveCplt), (210 bytes).
    Removing stm32f1xx_hal_spi.o(i.SPI_ISCRCErrorValid), (6 bytes).
    Removing stm32f1xx_hal_spi.o(i.SPI_RxCloseIRQHandler), (268 bytes).
    Removing stm32f1xx_hal_spi.o(i.SPI_RxISR), (82 bytes).
    Removing stm32f1xx_hal_spi.o(i.SPI_TxCloseIRQHandler), (158 bytes).
    Removing stm32f1xx_hal_spi.o(i.SPI_TxISR), (74 bytes).
    Removing stm32f1xx_hal_flash_ex.o(.rev16_text), (4 bytes).
    Removing stm32f1xx_hal_flash_ex.o(.revsh_text), (4 bytes).
    Removing stm32f1xx_hal_flash_ex.o(.rrx_text), (6 bytes).
    Removing stm32f1xx_hal_flash_ex.o(i.FLASH_MassErase), (40 bytes).
    Removing stm32f1xx_hal_flash_ex.o(i.FLASH_OB_DisableWRP), (108 bytes).
    Removing stm32f1xx_hal_flash_ex.o(i.FLASH_OB_EnableWRP), (112 bytes).
    Removing stm32f1xx_hal_flash_ex.o(i.FLASH_OB_GetRDP), (28 bytes).
    Removing stm32f1xx_hal_flash_ex.o(i.FLASH_OB_GetUser), (28 bytes).
    Removing stm32f1xx_hal_flash_ex.o(i.FLASH_OB_GetWRP), (12 bytes).
    Removing stm32f1xx_hal_flash_ex.o(i.FLASH_OB_ProgramData), (76 bytes).
    Removing stm32f1xx_hal_flash_ex.o(i.FLASH_OB_RDP_LevelConfig), (124 bytes).
    Removing stm32f1xx_hal_flash_ex.o(i.FLASH_OB_UserConfig), (84 bytes).
    Removing stm32f1xx_hal_flash_ex.o(i.FLASH_PageErase), (40 bytes).
    Removing stm32f1xx_hal_flash_ex.o(i.HAL_FLASHEx_Erase), (176 bytes).
    Removing stm32f1xx_hal_flash_ex.o(i.HAL_FLASHEx_Erase_IT), (100 bytes).
    Removing stm32f1xx_hal_flash_ex.o(i.HAL_FLASHEx_OBErase), (96 bytes).
    Removing stm32f1xx_hal_flash_ex.o(i.HAL_FLASHEx_OBGetConfig), (28 bytes).
    Removing stm32f1xx_hal_flash_ex.o(i.HAL_FLASHEx_OBGetUserData), (72 bytes).
    Removing stm32f1xx_hal_flash_ex.o(i.HAL_FLASHEx_OBProgram), (200 bytes).
    Removing stm32f1xx_hal_uart.o(.rev16_text), (4 bytes).
    Removing stm32f1xx_hal_uart.o(.revsh_text), (4 bytes).
    Removing stm32f1xx_hal_uart.o(.rrx_text), (6 bytes).
    Removing stm32f1xx_hal_uart.o(i.HAL_HalfDuplex_EnableReceiver), (64 bytes).
    Removing stm32f1xx_hal_uart.o(i.HAL_HalfDuplex_EnableTransmitter), (66 bytes).
    Removing stm32f1xx_hal_uart.o(i.HAL_HalfDuplex_Init), (114 bytes).
    Removing stm32f1xx_hal_uart.o(i.HAL_LIN_Init), (130 bytes).
    Removing stm32f1xx_hal_uart.o(i.HAL_LIN_SendBreak), (62 bytes).
    Removing stm32f1xx_hal_uart.o(i.HAL_MultiProcessor_EnterMuteMode), (62 bytes).
    Removing stm32f1xx_hal_uart.o(i.HAL_MultiProcessor_ExitMuteMode), (62 bytes).
    Removing stm32f1xx_hal_uart.o(i.HAL_MultiProcessor_Init), (134 bytes).
    Removing stm32f1xx_hal_uart.o(i.HAL_UART_DMAPause), (118 bytes).
    Removing stm32f1xx_hal_uart.o(i.HAL_UART_DMAResume), (156 bytes).
    Removing stm32f1xx_hal_uart.o(i.HAL_UART_DMAStop), (46 bytes).
    Removing stm32f1xx_hal_uart.o(i.HAL_UART_DeInit), (68 bytes).
    Removing stm32f1xx_hal_uart.o(i.HAL_UART_ErrorCallback), (2 bytes).
    Removing stm32f1xx_hal_uart.o(i.HAL_UART_GetError), (6 bytes).
    Removing stm32f1xx_hal_uart.o(i.HAL_UART_GetState), (8 bytes).
    Removing stm32f1xx_hal_uart.o(i.HAL_UART_IRQHandler), (218 bytes).
    Removing stm32f1xx_hal_uart.o(i.HAL_UART_MspDeInit), (2 bytes).
    Removing stm32f1xx_hal_uart.o(i.HAL_UART_MspInit), (2 bytes).
    Removing stm32f1xx_hal_uart.o(i.HAL_UART_Receive), (248 bytes).
    Removing stm32f1xx_hal_uart.o(i.HAL_UART_Receive_DMA), (160 bytes).
    Removing stm32f1xx_hal_uart.o(i.HAL_UART_Receive_IT), (134 bytes).
    Removing stm32f1xx_hal_uart.o(i.HAL_UART_RxCpltCallback), (2 bytes).
    Removing stm32f1xx_hal_uart.o(i.HAL_UART_RxHalfCpltCallback), (2 bytes).
    Removing stm32f1xx_hal_uart.o(i.HAL_UART_Transmit_DMA), (168 bytes).
    Removing stm32f1xx_hal_uart.o(i.HAL_UART_Transmit_IT), (110 bytes).
    Removing stm32f1xx_hal_uart.o(i.HAL_UART_TxCpltCallback), (2 bytes).
    Removing stm32f1xx_hal_uart.o(i.HAL_UART_TxHalfCpltCallback), (2 bytes).
    Removing stm32f1xx_hal_uart.o(i.UART_DMAError), (34 bytes).
    Removing stm32f1xx_hal_uart.o(i.UART_DMAReceiveCplt), (62 bytes).
    Removing stm32f1xx_hal_uart.o(i.UART_DMARxHalfCplt), (14 bytes).
    Removing stm32f1xx_hal_uart.o(i.UART_DMATransmitCplt), (54 bytes).
    Removing stm32f1xx_hal_uart.o(i.UART_DMATxHalfCplt), (14 bytes).
    Removing stm32f1xx_hal_uart.o(i.UART_EndTransmit_IT), (48 bytes).
    Removing stm32f1xx_hal_uart.o(i.UART_Receive_IT), (190 bytes).
    Removing stm32f1xx_hal_uart.o(i.UART_Transmit_IT), (114 bytes).
    Removing stm32f1xx_hal_tim_ex.o(.rev16_text), (4 bytes).
    Removing stm32f1xx_hal_tim_ex.o(.revsh_text), (4 bytes).
    Removing stm32f1xx_hal_tim_ex.o(.rrx_text), (6 bytes).
    Removing stm32f1xx_hal_tim_ex.o(i.HAL_TIMEx_BreakCallback), (2 bytes).
    Removing stm32f1xx_hal_tim_ex.o(i.HAL_TIMEx_CommutationCallback), (2 bytes).
    Removing stm32f1xx_hal_tim_ex.o(i.HAL_TIMEx_ConfigBreakDeadTime), (80 bytes).
    Removing stm32f1xx_hal_tim_ex.o(i.HAL_TIMEx_ConfigCommutationEvent), (110 bytes).
    Removing stm32f1xx_hal_tim_ex.o(i.HAL_TIMEx_ConfigCommutationEvent_DMA), (144 bytes).
    Removing stm32f1xx_hal_tim_ex.o(i.HAL_TIMEx_ConfigCommutationEvent_IT), (122 bytes).
    Removing stm32f1xx_hal_tim_ex.o(i.HAL_TIMEx_HallSensor_DeInit), (70 bytes).
    Removing stm32f1xx_hal_tim_ex.o(i.HAL_TIMEx_HallSensor_GetState), (8 bytes).
    Removing stm32f1xx_hal_tim_ex.o(i.HAL_TIMEx_HallSensor_Init), (208 bytes).
    Removing stm32f1xx_hal_tim_ex.o(i.HAL_TIMEx_HallSensor_MspDeInit), (2 bytes).
    Removing stm32f1xx_hal_tim_ex.o(i.HAL_TIMEx_HallSensor_MspInit), (2 bytes).
    Removing stm32f1xx_hal_tim_ex.o(i.HAL_TIMEx_HallSensor_Start), (30 bytes).
    Removing stm32f1xx_hal_tim_ex.o(i.HAL_TIMEx_HallSensor_Start_DMA), (116 bytes).
    Removing stm32f1xx_hal_tim_ex.o(i.HAL_TIMEx_HallSensor_Start_IT), (42 bytes).
    Removing stm32f1xx_hal_tim_ex.o(i.HAL_TIMEx_HallSensor_Stop), (56 bytes).
    Removing stm32f1xx_hal_tim_ex.o(i.HAL_TIMEx_HallSensor_Stop_DMA), (68 bytes).
    Removing stm32f1xx_hal_tim_ex.o(i.HAL_TIMEx_HallSensor_Stop_IT), (68 bytes).
    Removing stm32f1xx_hal_tim_ex.o(i.HAL_TIMEx_OCN_Start), (44 bytes).
    Removing stm32f1xx_hal_tim_ex.o(i.HAL_TIMEx_OCN_Start_DMA), (280 bytes).
    Removing stm32f1xx_hal_tim_ex.o(i.HAL_TIMEx_OCN_Start_IT), (132 bytes).
    Removing stm32f1xx_hal_tim_ex.o(i.HAL_TIMEx_OCN_Stop), (96 bytes).
    Removing stm32f1xx_hal_tim_ex.o(i.HAL_TIMEx_OCN_Stop_DMA), (178 bytes).
    Removing stm32f1xx_hal_tim_ex.o(i.HAL_TIMEx_OCN_Stop_IT), (198 bytes).
    Removing stm32f1xx_hal_tim_ex.o(i.HAL_TIMEx_OnePulseN_Start), (32 bytes).
    Removing stm32f1xx_hal_tim_ex.o(i.HAL_TIMEx_OnePulseN_Start_IT), (56 bytes).
    Removing stm32f1xx_hal_tim_ex.o(i.HAL_TIMEx_OnePulseN_Stop), (96 bytes).
    Removing stm32f1xx_hal_tim_ex.o(i.HAL_TIMEx_OnePulseN_Stop_IT), (120 bytes).
    Removing stm32f1xx_hal_tim_ex.o(i.HAL_TIMEx_PWMN_Start), (44 bytes).
    Removing stm32f1xx_hal_tim_ex.o(i.HAL_TIMEx_PWMN_Start_DMA), (280 bytes).
    Removing stm32f1xx_hal_tim_ex.o(i.HAL_TIMEx_PWMN_Start_IT), (132 bytes).
    Removing stm32f1xx_hal_tim_ex.o(i.HAL_TIMEx_PWMN_Stop), (96 bytes).
    Removing stm32f1xx_hal_tim_ex.o(i.HAL_TIMEx_PWMN_Stop_DMA), (178 bytes).
    Removing stm32f1xx_hal_tim_ex.o(i.HAL_TIMEx_PWMN_Stop_IT), (198 bytes).
    Removing stm32f1xx_hal_tim_ex.o(i.TIMEx_DMACommutationCplt), (20 bytes).
    Removing stm32f1xx_hal_tim_ex.o(i.TIM_CCxNChannelCmd), (28 bytes).
    Removing stm32f1xx_hal_tim.o(.rev16_text), (4 bytes).
    Removing stm32f1xx_hal_tim.o(.revsh_text), (4 bytes).
    Removing stm32f1xx_hal_tim.o(.rrx_text), (6 bytes).
    Removing stm32f1xx_hal_tim.o(i.HAL_TIM_Base_DeInit), (70 bytes).
    Removing stm32f1xx_hal_tim.o(i.HAL_TIM_Base_GetState), (8 bytes).
    Removing stm32f1xx_hal_tim.o(i.HAL_TIM_Base_MspDeInit), (2 bytes).
    Removing stm32f1xx_hal_tim.o(i.HAL_TIM_Base_MspInit), (2 bytes).
    Removing stm32f1xx_hal_tim.o(i.HAL_TIM_Base_Start), (30 bytes).
    Removing stm32f1xx_hal_tim.o(i.HAL_TIM_Base_Start_DMA), (104 bytes).
    Removing stm32f1xx_hal_tim.o(i.HAL_TIM_Base_Start_IT), (30 bytes).
    Removing stm32f1xx_hal_tim.o(i.HAL_TIM_Base_Stop), (56 bytes).
    Removing stm32f1xx_hal_tim.o(i.HAL_TIM_Base_Stop_DMA), (62 bytes).
    Removing stm32f1xx_hal_tim.o(i.HAL_TIM_Base_Stop_IT), (56 bytes).
    Removing stm32f1xx_hal_tim.o(i.HAL_TIM_ConfigOCrefClear), (264 bytes).
    Removing stm32f1xx_hal_tim.o(i.HAL_TIM_ConfigTI1Input), (24 bytes).
    Removing stm32f1xx_hal_tim.o(i.HAL_TIM_DMABurst_ReadStart), (388 bytes).
    Removing stm32f1xx_hal_tim.o(i.HAL_TIM_DMABurst_ReadStop), (128 bytes).
    Removing stm32f1xx_hal_tim.o(i.HAL_TIM_DMABurst_WriteStart), (388 bytes).
    Removing stm32f1xx_hal_tim.o(i.HAL_TIM_DMABurst_WriteStop), (128 bytes).
    Removing stm32f1xx_hal_tim.o(i.HAL_TIM_Encoder_DeInit), (70 bytes).
    Removing stm32f1xx_hal_tim.o(i.HAL_TIM_Encoder_GetState), (8 bytes).
    Removing stm32f1xx_hal_tim.o(i.HAL_TIM_Encoder_Init), (180 bytes).
    Removing stm32f1xx_hal_tim.o(i.HAL_TIM_Encoder_MspDeInit), (2 bytes).
    Removing stm32f1xx_hal_tim.o(i.HAL_TIM_Encoder_MspInit), (2 bytes).
    Removing stm32f1xx_hal_tim.o(i.HAL_TIM_Encoder_Start), (78 bytes).
    Removing stm32f1xx_hal_tim.o(i.HAL_TIM_Encoder_Start_DMA), (328 bytes).
    Removing stm32f1xx_hal_tim.o(i.HAL_TIM_Encoder_Start_IT), (126 bytes).
    Removing stm32f1xx_hal_tim.o(i.HAL_TIM_Encoder_Stop), (104 bytes).
    Removing stm32f1xx_hal_tim.o(i.HAL_TIM_Encoder_Stop_DMA), (152 bytes).
    Removing stm32f1xx_hal_tim.o(i.HAL_TIM_Encoder_Stop_IT), (152 bytes).
    Removing stm32f1xx_hal_tim.o(i.HAL_TIM_ErrorCallback), (2 bytes).
    Removing stm32f1xx_hal_tim.o(i.HAL_TIM_GenerateEvent), (54 bytes).
    Removing stm32f1xx_hal_tim.o(i.HAL_TIM_IC_CaptureCallback), (2 bytes).
    Removing stm32f1xx_hal_tim.o(i.HAL_TIM_IC_ConfigChannel), (224 bytes).
    Removing stm32f1xx_hal_tim.o(i.HAL_TIM_IC_DeInit), (70 bytes).
    Removing stm32f1xx_hal_tim.o(i.HAL_TIM_IC_GetState), (8 bytes).
    Removing stm32f1xx_hal_tim.o(i.HAL_TIM_IC_Init), (52 bytes).
    Removing stm32f1xx_hal_tim.o(i.HAL_TIM_IC_MspDeInit), (2 bytes).
    Removing stm32f1xx_hal_tim.o(i.HAL_TIM_IC_MspInit), (2 bytes).
    Removing stm32f1xx_hal_tim.o(i.HAL_TIM_IC_Start), (32 bytes).
    Removing stm32f1xx_hal_tim.o(i.HAL_TIM_IC_Start_DMA), (268 bytes).
    Removing stm32f1xx_hal_tim.o(i.HAL_TIM_IC_Start_IT), (108 bytes).
    Removing stm32f1xx_hal_tim.o(i.HAL_TIM_IC_Stop), (58 bytes).
    Removing stm32f1xx_hal_tim.o(i.HAL_TIM_IC_Stop_DMA), (140 bytes).
    Removing stm32f1xx_hal_tim.o(i.HAL_TIM_IC_Stop_IT), (134 bytes).
    Removing stm32f1xx_hal_tim.o(i.HAL_TIM_IRQHandler), (406 bytes).
    Removing stm32f1xx_hal_tim.o(i.HAL_TIM_OC_ConfigChannel), (116 bytes).
    Removing stm32f1xx_hal_tim.o(i.HAL_TIM_OC_DeInit), (70 bytes).
    Removing stm32f1xx_hal_tim.o(i.HAL_TIM_OC_DelayElapsedCallback), (2 bytes).
    Removing stm32f1xx_hal_tim.o(i.HAL_TIM_OC_GetState), (8 bytes).
    Removing stm32f1xx_hal_tim.o(i.HAL_TIM_OC_Init), (52 bytes).
    Removing stm32f1xx_hal_tim.o(i.HAL_TIM_OC_MspDeInit), (2 bytes).
    Removing stm32f1xx_hal_tim.o(i.HAL_TIM_OC_MspInit), (2 bytes).
    Removing stm32f1xx_hal_tim.o(i.HAL_TIM_OC_Start), (64 bytes).
    Removing stm32f1xx_hal_tim.o(i.HAL_TIM_OC_Start_DMA), (300 bytes).
    Removing stm32f1xx_hal_tim.o(i.HAL_TIM_OC_Start_IT), (140 bytes).
    Removing stm32f1xx_hal_tim.o(i.HAL_TIM_OC_Stop), (116 bytes).
    Removing stm32f1xx_hal_tim.o(i.HAL_TIM_OC_Stop_DMA), (200 bytes).
    Removing stm32f1xx_hal_tim.o(i.HAL_TIM_OC_Stop_IT), (192 bytes).
    Removing stm32f1xx_hal_tim.o(i.HAL_TIM_OnePulse_ConfigChannel), (286 bytes).
    Removing stm32f1xx_hal_tim.o(i.HAL_TIM_OnePulse_DeInit), (70 bytes).
    Removing stm32f1xx_hal_tim.o(i.HAL_TIM_OnePulse_GetState), (8 bytes).
    Removing stm32f1xx_hal_tim.o(i.HAL_TIM_OnePulse_Init), (76 bytes).
    Removing stm32f1xx_hal_tim.o(i.HAL_TIM_OnePulse_MspDeInit), (2 bytes).
    Removing stm32f1xx_hal_tim.o(i.HAL_TIM_OnePulse_MspInit), (2 bytes).
    Removing stm32f1xx_hal_tim.o(i.HAL_TIM_OnePulse_Start), (64 bytes).
    Removing stm32f1xx_hal_tim.o(i.HAL_TIM_OnePulse_Start_IT), (88 bytes).
    Removing stm32f1xx_hal_tim.o(i.HAL_TIM_OnePulse_Stop), (128 bytes).
    Removing stm32f1xx_hal_tim.o(i.HAL_TIM_OnePulse_Stop_IT), (152 bytes).
    Removing stm32f1xx_hal_tim.o(i.HAL_TIM_PWM_ConfigChannel), (264 bytes).
    Removing stm32f1xx_hal_tim.o(i.HAL_TIM_PWM_DeInit), (70 bytes).
    Removing stm32f1xx_hal_tim.o(i.HAL_TIM_PWM_GetState), (8 bytes).
    Removing stm32f1xx_hal_tim.o(i.HAL_TIM_PWM_Init), (52 bytes).
    Removing stm32f1xx_hal_tim.o(i.HAL_TIM_PWM_MspDeInit), (2 bytes).
    Removing stm32f1xx_hal_tim.o(i.HAL_TIM_PWM_MspInit), (2 bytes).
    Removing stm32f1xx_hal_tim.o(i.HAL_TIM_PWM_PulseFinishedCallback), (2 bytes).
    Removing stm32f1xx_hal_tim.o(i.HAL_TIM_PWM_Start), (64 bytes).
    Removing stm32f1xx_hal_tim.o(i.HAL_TIM_PWM_Start_DMA), (300 bytes).
    Removing stm32f1xx_hal_tim.o(i.HAL_TIM_PWM_Start_IT), (140 bytes).
    Removing stm32f1xx_hal_tim.o(i.HAL_TIM_PWM_Stop), (124 bytes).
    Removing stm32f1xx_hal_tim.o(i.HAL_TIM_PWM_Stop_DMA), (200 bytes).
    Removing stm32f1xx_hal_tim.o(i.HAL_TIM_PWM_Stop_IT), (192 bytes).
    Removing stm32f1xx_hal_tim.o(i.HAL_TIM_PeriodElapsedCallback), (2 bytes).
    Removing stm32f1xx_hal_tim.o(i.HAL_TIM_ReadCapturedValue), (84 bytes).
    Removing stm32f1xx_hal_tim.o(i.HAL_TIM_SlaveConfigSynchronization), (86 bytes).
    Removing stm32f1xx_hal_tim.o(i.HAL_TIM_SlaveConfigSynchronization_IT), (86 bytes).
    Removing stm32f1xx_hal_tim.o(i.HAL_TIM_TriggerCallback), (2 bytes).
    Removing stm32f1xx_hal_tim.o(i.TIM_CCxChannelCmd), (28 bytes).
    Removing stm32f1xx_hal_tim.o(i.TIM_DMACaptureCplt), (70 bytes).
    Removing stm32f1xx_hal_tim.o(i.TIM_DMADelayPulseCplt), (70 bytes).
    Removing stm32f1xx_hal_tim.o(i.TIM_DMAError), (20 bytes).
    Removing stm32f1xx_hal_tim.o(i.TIM_DMAPeriodElapsedCplt), (20 bytes).
    Removing stm32f1xx_hal_tim.o(i.TIM_DMATriggerCplt), (20 bytes).
    Removing stm32f1xx_hal_tim.o(i.TIM_OC1_SetConfig), (100 bytes).
    Removing stm32f1xx_hal_tim.o(i.TIM_OC2_SetConfig), (112 bytes).
    Removing stm32f1xx_hal_tim.o(i.TIM_OC3_SetConfig), (108 bytes).
    Removing stm32f1xx_hal_tim.o(i.TIM_OC4_SetConfig), (80 bytes).
    Removing stm32f1xx_hal_tim.o(i.TIM_SlaveTimer_SetConfig), (162 bytes).
    Removing stm32f1xx_hal_tim.o(i.TIM_TI1_SetConfig), (96 bytes).
    Removing stm32f1xx_hal_tim.o(i.TIM_TI2_SetConfig), (62 bytes).
    Removing stm32f1xx_hal_tim.o(i.TIM_TI3_SetConfig), (60 bytes).
    Removing stm32f1xx_hal_tim.o(i.TIM_TI4_SetConfig), (64 bytes).
    Removing system_stm32f1xx.o(.rev16_text), (4 bytes).
    Removing system_stm32f1xx.o(.revsh_text), (4 bytes).
    Removing system_stm32f1xx.o(.rrx_text), (6 bytes).
    Removing system_stm32f1xx.o(i.SystemCoreClockUpdate), (164 bytes).
    Removing def.o(i.lwip_htonl), (26 bytes).
    Removing def.o(i.lwip_htons), (12 bytes).
    Removing def.o(i.lwip_itoa), (104 bytes).
    Removing def.o(i.lwip_stricmp), (60 bytes).
    Removing def.o(i.lwip_strnicmp), (70 bytes).
    Removing def.o(i.lwip_strnstr), (74 bytes).
    Removing def.o(.constdata), (72 bytes).
    Removing inet_chksum.o(i.inet_chksum), (20 bytes).
    Removing inet_chksum.o(i.inet_chksum_pbuf), (82 bytes).
    Removing inet_chksum.o(i.inet_chksum_pseudo), (76 bytes).
    Removing inet_chksum.o(i.inet_chksum_pseudo_partial), (80 bytes).
    Removing inet_chksum.o(i.inet_cksum_pseudo_base), (126 bytes).
    Removing inet_chksum.o(i.inet_cksum_pseudo_partial_base), (272 bytes).
    Removing inet_chksum.o(i.ip_chksum_pseudo), (36 bytes).
    Removing inet_chksum.o(i.ip_chksum_pseudo_partial), (36 bytes).
    Removing inet_chksum.o(i.lwip_standard_chksum), (94 bytes).
    Removing init.o(i.lwip_init), (208 bytes).
    Removing init.o(.constdata), (65 bytes).
    Removing ip.o(.bss), (24 bytes).
    Removing mem.o(i.mem_calloc), (34 bytes).
    Removing mem.o(i.mem_free), (380 bytes).
    Removing mem.o(i.mem_init), (100 bytes).
    Removing mem.o(i.mem_malloc), (660 bytes).
    Removing mem.o(i.mem_trim), (524 bytes).
    Removing mem.o(i.plug_holes), (468 bytes).
    Removing mem.o(.bss), (16012 bytes).
    Removing mem.o(.data), (12 bytes).
    Removing memp.o(i.do_memp_free_pool), (34 bytes).
    Removing memp.o(i.do_memp_malloc_pool), (68 bytes).
    Removing memp.o(i.memp_free), (164 bytes).
    Removing memp.o(i.memp_free_pool), (152 bytes).
    Removing memp.o(i.memp_init), (48 bytes).
    Removing memp.o(i.memp_init_pool), (44 bytes).
    Removing memp.o(i.memp_malloc), (164 bytes).
    Removing memp.o(i.memp_malloc_pool), (144 bytes).
    Removing memp.o(.bss), (245364 bytes).
    Removing memp.o(.constdata), (200 bytes).
    Removing memp.o(.data), (40 bytes).
    Removing netif.o(i.netif_add), (264 bytes).
    Removing netif.o(i.netif_alloc_client_data_id), (184 bytes).
    Removing netif.o(i.netif_find), (68 bytes).
    Removing netif.o(i.netif_init), (2 bytes).
    Removing netif.o(i.netif_input), (36 bytes).
    Removing netif.o(i.netif_issue_reports), (52 bytes).
    Removing netif.o(i.netif_remove), (136 bytes).
    Removing netif.o(i.netif_set_addr), (72 bytes).
    Removing netif.o(i.netif_set_default), (12 bytes).
    Removing netif.o(i.netif_set_down), (42 bytes).
    Removing netif.o(i.netif_set_gw), (12 bytes).
    Removing netif.o(i.netif_set_ipaddr), (76 bytes).
    Removing netif.o(i.netif_set_link_down), (24 bytes).
    Removing netif.o(i.netif_set_link_up), (52 bytes).
    Removing netif.o(i.netif_set_netmask), (12 bytes).
    Removing netif.o(i.netif_set_up), (44 bytes).
    Removing netif.o(.data), (10 bytes).
    Removing pbuf.o(i.pbuf_alloc), (840 bytes).
    Removing pbuf.o(i.pbuf_alloced_custom), (244 bytes).
    Removing pbuf.o(i.pbuf_cat), (340 bytes).
    Removing pbuf.o(i.pbuf_chain), (22 bytes).
    Removing pbuf.o(i.pbuf_clen), (18 bytes).
    Removing pbuf.o(i.pbuf_coalesce), (180 bytes).
    Removing pbuf.o(i.pbuf_copy), (576 bytes).
    Removing pbuf.o(i.pbuf_copy_partial), (332 bytes).
    Removing pbuf.o(i.pbuf_dechain), (264 bytes).
    Removing pbuf.o(i.pbuf_free), (448 bytes).
    Removing pbuf.o(i.pbuf_free_ooseq), (52 bytes).
    Removing pbuf.o(i.pbuf_get_at), (28 bytes).
    Removing pbuf.o(i.pbuf_header), (18 bytes).
    Removing pbuf.o(i.pbuf_header_force), (18 bytes).
    Removing pbuf.o(i.pbuf_header_impl), (360 bytes).
    Removing pbuf.o(i.pbuf_memcmp), (98 bytes).
    Removing pbuf.o(i.pbuf_memfind), (72 bytes).
    Removing pbuf.o(i.pbuf_pool_is_empty), (16 bytes).
    Removing pbuf.o(i.pbuf_put_at), (42 bytes).
    Removing pbuf.o(i.pbuf_realloc), (496 bytes).
    Removing pbuf.o(i.pbuf_ref), (148 bytes).
    Removing pbuf.o(i.pbuf_skip), (28 bytes).
    Removing pbuf.o(i.pbuf_skip_const), (34 bytes).
    Removing pbuf.o(i.pbuf_split_64k), (260 bytes).
    Removing pbuf.o(i.pbuf_strstr), (60 bytes).
    Removing pbuf.o(i.pbuf_take), (468 bytes).
    Removing pbuf.o(i.pbuf_take_at), (118 bytes).
    Removing pbuf.o(i.pbuf_try_get_at), (46 bytes).
    Removing pbuf.o(.data), (1 bytes).
    Removing stats.o(i.stats_init), (2 bytes).
    Removing stats.o(.bss), (248 bytes).
    Removing tcp.o(i.tcp_abandon), (404 bytes).
    Removing tcp.o(i.tcp_abort), (14 bytes).
    Removing tcp.o(i.tcp_accept), (16 bytes).
    Removing tcp.o(i.tcp_accept_null), (20 bytes).
    Removing tcp.o(i.tcp_alloc), (276 bytes).
    Removing tcp.o(i.tcp_arg), (6 bytes).
    Removing tcp.o(i.tcp_bind), (308 bytes).
    Removing tcp.o(i.tcp_close), (28 bytes).
    Removing tcp.o(i.tcp_close_shutdown), (512 bytes).
    Removing tcp.o(i.tcp_close_shutdown_fin), (216 bytes).
    Removing tcp.o(i.tcp_connect), (468 bytes).
    Removing tcp.o(i.tcp_debug_state_str), (16 bytes).
    Removing tcp.o(i.tcp_eff_send_mss_impl), (58 bytes).
    Removing tcp.o(i.tcp_err), (164 bytes).
    Removing tcp.o(i.tcp_fasttmr), (144 bytes).
    Removing tcp.o(i.tcp_init), (2 bytes).
    Removing tcp.o(i.tcp_kill_prio), (88 bytes).
    Removing tcp.o(i.tcp_kill_state), (200 bytes).
    Removing tcp.o(i.tcp_kill_timewait), (60 bytes).
    Removing tcp.o(i.tcp_listen_closed), (208 bytes).
    Removing tcp.o(i.tcp_listen_with_backlog), (18 bytes).
    Removing tcp.o(i.tcp_listen_with_backlog_and_err), (336 bytes).
    Removing tcp.o(i.tcp_netif_ip_addr_changed), (84 bytes).
    Removing tcp.o(i.tcp_netif_ip_addr_changed_pcblist), (42 bytes).
    Removing tcp.o(i.tcp_new), (10 bytes).
    Removing tcp.o(i.tcp_new_ip_type), (16 bytes).
    Removing tcp.o(i.tcp_new_port), (104 bytes).
    Removing tcp.o(i.tcp_next_iss), (32 bytes).
    Removing tcp.o(i.tcp_pcb_purge), (78 bytes).
    Removing tcp.o(i.tcp_pcb_remove), (364 bytes).
    Removing tcp.o(i.tcp_poll), (156 bytes).
    Removing tcp.o(i.tcp_process_refused_data), (204 bytes).
    Removing tcp.o(i.tcp_recv), (164 bytes).
    Removing tcp.o(i.tcp_recv_null), (46 bytes).
    Removing tcp.o(i.tcp_recved), (348 bytes).
    Removing tcp.o(i.tcp_remove_listener), (28 bytes).
    Removing tcp.o(i.tcp_seg_copy), (36 bytes).
    Removing tcp.o(i.tcp_seg_free), (26 bytes).
    Removing tcp.o(i.tcp_segs_free), (24 bytes).
    Removing tcp.o(i.tcp_sent), (164 bytes).
    Removing tcp.o(i.tcp_setprio), (4 bytes).
    Removing tcp.o(i.tcp_shutdown), (104 bytes).
    Removing tcp.o(i.tcp_slowtmr), (1592 bytes).
    Removing tcp.o(i.tcp_tmr), (36 bytes).
    Removing tcp.o(i.tcp_txnow), (36 bytes).
    Removing tcp.o(i.tcp_update_rcv_ann_wnd), (74 bytes).
    Removing tcp.o(.constdata), (80 bytes).
    Removing tcp.o(.conststring), (104 bytes).
    Removing tcp.o(.data), (31 bytes).
    Removing tcp_in.o(i.tcp_getoptbyte), (88 bytes).
    Removing tcp_in.o(i.tcp_input), (2372 bytes).
    Removing tcp_in.o(i.tcp_listen_input), (344 bytes).
    Removing tcp_in.o(i.tcp_oos_insert_segment), (144 bytes).
    Removing tcp_in.o(i.tcp_parseopt), (444 bytes).
    Removing tcp_in.o(i.tcp_process), (1756 bytes).
    Removing tcp_in.o(i.tcp_receive), (3548 bytes).
    Removing tcp_in.o(i.tcp_timewait_input), (164 bytes).
    Removing tcp_in.o(i.tcp_trigger_input_pcb_close), (20 bytes).
    Removing tcp_in.o(.bss), (16 bytes).
    Removing tcp_in.o(.data), (40 bytes).
    Removing tcp_out.o(i.tcp_build_wnd_scale_option), (12 bytes).
    Removing tcp_out.o(i.tcp_create_segment), (348 bytes).
    Removing tcp_out.o(i.tcp_enqueue_flags), (696 bytes).
    Removing tcp_out.o(i.tcp_keepalive), (132 bytes).
    Removing tcp_out.o(i.tcp_output), (804 bytes).
    Removing tcp_out.o(i.tcp_output_alloc_header), (316 bytes).
    Removing tcp_out.o(i.tcp_output_segment), (320 bytes).
    Removing tcp_out.o(i.tcp_pbuf_prealloc), (240 bytes).
    Removing tcp_out.o(i.tcp_rexmit), (98 bytes).
    Removing tcp_out.o(i.tcp_rexmit_fast), (82 bytes).
    Removing tcp_out.o(i.tcp_rexmit_rto), (66 bytes).
    Removing tcp_out.o(i.tcp_rst), (328 bytes).
    Removing tcp_out.o(i.tcp_send_empty_ack), (142 bytes).
    Removing tcp_out.o(i.tcp_send_fin), (74 bytes).
    Removing tcp_out.o(i.tcp_write), (2140 bytes).
    Removing tcp_out.o(i.tcp_write_checks), (400 bytes).
    Removing tcp_out.o(i.tcp_zero_window_probe), (256 bytes).
    Removing tcp_out.o(.constdata), (85 bytes).
    Removing timeouts.o(i.cyclic_timer), (28 bytes).
    Removing timeouts.o(i.sys_check_timeouts), (128 bytes).
    Removing timeouts.o(i.sys_restart_timeouts), (16 bytes).
    Removing timeouts.o(i.sys_timeout), (384 bytes).
    Removing timeouts.o(i.sys_timeouts_init), (52 bytes).
    Removing timeouts.o(i.sys_timeouts_sleeptime), (56 bytes).
    Removing timeouts.o(i.sys_untimeout), (96 bytes).
    Removing timeouts.o(i.tcp_timer_needed), (56 bytes).
    Removing timeouts.o(i.tcpip_tcp_timer), (56 bytes).
    Removing timeouts.o(.constdata), (48 bytes).
    Removing timeouts.o(.data), (12 bytes).
    Removing udp.o(i.udp_bind), (148 bytes).
    Removing udp.o(i.udp_connect), (108 bytes).
    Removing udp.o(i.udp_disconnect), (16 bytes).
    Removing udp.o(i.udp_init), (2 bytes).
    Removing udp.o(i.udp_input), (588 bytes).
    Removing udp.o(i.udp_input_local_match), (72 bytes).
    Removing udp.o(i.udp_netif_ip_addr_changed), (48 bytes).
    Removing udp.o(i.udp_new), (34 bytes).
    Removing udp.o(i.udp_new_ip_type), (14 bytes).
    Removing udp.o(i.udp_new_port), (88 bytes).
    Removing udp.o(i.udp_recv), (6 bytes).
    Removing udp.o(i.udp_remove), (68 bytes).
    Removing udp.o(i.udp_send), (30 bytes).
    Removing udp.o(i.udp_sendto), (112 bytes).
    Removing udp.o(i.udp_sendto_if), (82 bytes).
    Removing udp.o(i.udp_sendto_if_src), (452 bytes).
    Removing udp.o(.data), (8 bytes).
    Removing dhcp.o(i.dhcp_arp_reply), (160 bytes).
    Removing dhcp.o(i.dhcp_bind), (436 bytes).
    Removing dhcp.o(i.dhcp_check), (62 bytes).
    Removing dhcp.o(i.dhcp_cleanup), (148 bytes).
    Removing dhcp.o(i.dhcp_coarse_tmr), (104 bytes).
    Removing dhcp.o(i.dhcp_create_msg), (768 bytes).
    Removing dhcp.o(i.dhcp_dec_pcb_refcount), (192 bytes).
    Removing dhcp.o(i.dhcp_decline), (152 bytes).
    Removing dhcp.o(i.dhcp_delete_msg), (316 bytes).
    Removing dhcp.o(i.dhcp_discover), (212 bytes).
    Removing dhcp.o(i.dhcp_fine_tmr), (60 bytes).
    Removing dhcp.o(i.dhcp_handle_ack), (128 bytes).
    Removing dhcp.o(i.dhcp_handle_nak), (40 bytes).
    Removing dhcp.o(i.dhcp_handle_offer), (44 bytes).
    Removing dhcp.o(i.dhcp_inc_pcb_refcount), (264 bytes).
    Removing dhcp.o(i.dhcp_inform), (252 bytes).
    Removing dhcp.o(i.dhcp_network_changed), (74 bytes).
    Removing dhcp.o(i.dhcp_option), (156 bytes).
    Removing dhcp.o(i.dhcp_option_byte), (192 bytes).
    Removing dhcp.o(i.dhcp_option_long), (244 bytes).
    Removing dhcp.o(i.dhcp_option_short), (152 bytes).
    Removing dhcp.o(i.dhcp_option_trailer), (384 bytes).
    Removing dhcp.o(i.dhcp_parse_reply), (1278 bytes).
    Removing dhcp.o(i.dhcp_rebind), (188 bytes).
    Removing dhcp.o(i.dhcp_reboot), (220 bytes).
    Removing dhcp.o(i.dhcp_recv), (436 bytes).
    Removing dhcp.o(i.dhcp_release), (172 bytes).
    Removing dhcp.o(i.dhcp_renew), (188 bytes).
    Removing dhcp.o(i.dhcp_select), (260 bytes).
    Removing dhcp.o(i.dhcp_set_state), (16 bytes).
    Removing dhcp.o(i.dhcp_set_struct), (264 bytes).
    Removing dhcp.o(i.dhcp_start), (416 bytes).
    Removing dhcp.o(i.dhcp_stop), (228 bytes).
    Removing dhcp.o(i.dhcp_supplied_address), (34 bytes).
    Removing dhcp.o(i.dhcp_t1_timeout), (66 bytes).
    Removing dhcp.o(i.dhcp_t2_timeout), (72 bytes).
    Removing dhcp.o(i.dhcp_timeout), (116 bytes).
    Removing dhcp.o(.bss), (32 bytes).
    Removing dhcp.o(.constdata), (137 bytes).
    Removing dhcp.o(.data), (21 bytes).
    Removing etharp.o(i.etharp_add_static_entry), (36 bytes).
    Removing etharp.o(i.etharp_cleanup_netif), (56 bytes).
    Removing etharp.o(i.etharp_find_addr), (236 bytes).
    Removing etharp.o(i.etharp_find_entry), (764 bytes).
    Removing etharp.o(i.etharp_free_entry), (64 bytes).
    Removing etharp.o(i.etharp_get_entry), (312 bytes).
    Removing etharp.o(i.etharp_input), (364 bytes).
    Removing etharp.o(i.etharp_output), (540 bytes).
    Removing etharp.o(i.etharp_output_to_arp_index), (352 bytes).
    Removing etharp.o(i.etharp_query), (684 bytes).
    Removing etharp.o(i.etharp_raw), (428 bytes).
    Removing etharp.o(i.etharp_remove_static_entry), (60 bytes).
    Removing etharp.o(i.etharp_request), (24 bytes).
    Removing etharp.o(i.etharp_request_dst), (44 bytes).
    Removing etharp.o(i.etharp_tmr), (224 bytes).
    Removing etharp.o(i.etharp_update_arp_entry), (384 bytes).
    Removing etharp.o(.bss), (240 bytes).
    Removing etharp.o(.constdata), (65 bytes).
    Removing etharp.o(.data), (1 bytes).
    Removing icmp.o(i.icmp_dest_unreach), (18 bytes).
    Removing icmp.o(i.icmp_input), (776 bytes).
    Removing icmp.o(i.icmp_send_response), (296 bytes).
    Removing icmp.o(i.icmp_time_exceeded), (18 bytes).
    Removing igmp.o(i.igmp_delaying_member), (42 bytes).
    Removing igmp.o(i.igmp_init), (32 bytes).
    Removing igmp.o(i.igmp_input), (408 bytes).
    Removing igmp.o(i.igmp_ip_output_if), (80 bytes).
    Removing igmp.o(i.igmp_joingroup), (344 bytes).
    Removing igmp.o(i.igmp_joingroup_netif), (476 bytes).
    Removing igmp.o(i.igmp_leavegroup), (348 bytes).
    Removing igmp.o(i.igmp_leavegroup_netif), (492 bytes).
    Removing igmp.o(i.igmp_lookfor_group), (32 bytes).
    Removing igmp.o(i.igmp_lookup_group), (316 bytes).
    Removing igmp.o(i.igmp_remove_group), (40 bytes).
    Removing igmp.o(i.igmp_report_groups), (28 bytes).
    Removing igmp.o(i.igmp_send), (328 bytes).
    Removing igmp.o(i.igmp_start), (56 bytes).
    Removing igmp.o(i.igmp_start_timer), (22 bytes).
    Removing igmp.o(i.igmp_stop), (48 bytes).
    Removing igmp.o(i.igmp_timeout), (64 bytes).
    Removing igmp.o(i.igmp_tmr), (56 bytes).
    Removing igmp.o(.constdata), (65 bytes).
    Removing igmp.o(.data), (8 bytes).
    Removing ip4.o(i.ip4_input), (748 bytes).
    Removing ip4.o(i.ip4_output), (196 bytes).
    Removing ip4.o(i.ip4_output_if), (52 bytes).
    Removing ip4.o(i.ip4_output_if_opt), (68 bytes).
    Removing ip4.o(i.ip4_output_if_opt_src), (660 bytes).
    Removing ip4.o(i.ip4_output_if_src), (52 bytes).
    Removing ip4.o(i.ip4_route), (188 bytes).
    Removing ip4.o(i.ip4_set_default_multicast_netif), (12 bytes).
    Removing ip4.o(.data), (8 bytes).
    Removing ip4_addr.o(i.ip4_addr_isbroadcast_u32), (78 bytes).
    Removing ip4_addr.o(i.ip4_addr_netmask_valid), (52 bytes).
    Removing ip4_addr.o(i.ip4addr_aton), (512 bytes).
    Removing ip4_addr.o(i.ip4addr_ntoa), (20 bytes).
    Removing ip4_addr.o(i.ip4addr_ntoa_r), (168 bytes).
    Removing ip4_addr.o(i.ipaddr_addr), (24 bytes).
    Removing ip4_addr.o(.bss), (16 bytes).
    Removing ip4_addr.o(.constdata), (8 bytes).
    Removing ip4_frag.o(i.ip4_frag), (716 bytes).
    Removing ip4_frag.o(i.ip4_reass), (500 bytes).
    Removing ip4_frag.o(i.ip_frag_alloc_pbuf_custom_ref), (10 bytes).
    Removing ip4_frag.o(i.ip_frag_free_pbuf_custom_ref), (140 bytes).
    Removing ip4_frag.o(i.ip_reass_chain_frag_into_datagram_and_validate), (828 bytes).
    Removing ip4_frag.o(i.ip_reass_dequeue_datagram), (184 bytes).
    Removing ip4_frag.o(i.ip_reass_enqueue_new_datagram), (100 bytes).
    Removing ip4_frag.o(i.ip_reass_free_complete_datagram), (492 bytes).
    Removing ip4_frag.o(i.ip_reass_remove_oldest_datagram), (136 bytes).
    Removing ip4_frag.o(i.ip_reass_tmr), (52 bytes).
    Removing ip4_frag.o(i.ipfrag_free_pbuf_custom), (196 bytes).
    Removing ip4_frag.o(.data), (6 bytes).
    Removing ethernet.o(i.ethernet_input), (272 bytes).
    Removing ethernet.o(i.ethernet_output), (264 bytes).
    Removing ethernet.o(.constdata), (12 bytes).
    Removing slipif.o(i.slipif_init), (104 bytes).
    Removing slipif.o(i.slipif_output), (356 bytes).
    Removing slipif.o(i.slipif_output_v4), (18 bytes).
    Removing slipif.o(i.slipif_poll), (220 bytes).
    Removing slipif.o(i.slipif_rxbyte), (444 bytes).
    Removing slipif.o(i.slipif_rxbyte_input), (36 bytes).

692 unused section(s) (total 353423 bytes) removed from the image.

==============================================================================

Memory Map of the image

  Image Entry point : 0x00000000

  Load Region LR_IROM1 (Base: 0x08000000, Size: 0x000033b0, Max: 0x00008000, ABSOLUTE)

    Execution Region ER_IROM1 (Base: 0x08000000, Size: 0x0000338c, Max: 0x00008000, ABSOLUTE)

    Base Addr    Size         Type   Attr      Idx    E Section Name        Object

    0x08000000   0x000000ec   Data   RO          472    RESET               startup_stm32f103x6.o
    0x080000ec   0x00000008   Code   RO         5397  * !!!main             c_w.l(__main.o)
    0x080000f4   0x00000000   Code   RO         5374    .ARM.Collect$$_printf_percent$$00000000  c_w.l(_printf_percent.o)
    0x080000f4   0x00000006   Code   RO         5373    .ARM.Collect$$_printf_percent$$00000009  c_w.l(_printf_d.o)
    0x080000fa   0x00000006   Code   RO         5372    .ARM.Collect$$_printf_percent$$0000000C  c_w.l(_printf_x.o)
    0x08000100   0x00000006   Code   RO         5371    .ARM.Collect$$_printf_percent$$00000014  c_w.l(_printf_s.o)
    0x08000106   0x00000004   Code   RO         5408    .ARM.Collect$$_printf_percent$$00000017  c_w.l(_printf_percent_end.o)
    0x0800010a   0x00000002   Code   RO         5555    .ARM.Collect$$libinit$$00000000  c_w.l(libinit.o)
    0x0800010c   0x00000000   Code   RO         5557    .ARM.Collect$$libinit$$00000002  c_w.l(libinit2.o)
    0x0800010c   0x00000008   Code   RO         5558    .ARM.Collect$$libinit$$00000003  c_w.l(libinit2.o)
    0x08000114   0x00000000   Code   RO         5560    .ARM.Collect$$libinit$$00000008  c_w.l(libinit2.o)
    0x08000114   0x00000000   Code   RO         5562    .ARM.Collect$$libinit$$0000000A  c_w.l(libinit2.o)
    0x08000114   0x00000000   Code   RO         5564    .ARM.Collect$$libinit$$0000000C  c_w.l(libinit2.o)
    0x08000114   0x00000000   Code   RO         5567    .ARM.Collect$$libinit$$0000000F  c_w.l(libinit2.o)
    0x08000114   0x00000000   Code   RO         5569    .ARM.Collect$$libinit$$00000011  c_w.l(libinit2.o)
    0x08000114   0x00000000   Code   RO         5571    .ARM.Collect$$libinit$$00000013  c_w.l(libinit2.o)
    0x08000114   0x00000000   Code   RO         5573    .ARM.Collect$$libinit$$00000015  c_w.l(libinit2.o)
    0x08000114   0x00000000   Code   RO         5575    .ARM.Collect$$libinit$$00000017  c_w.l(libinit2.o)
    0x08000114   0x00000000   Code   RO         5577    .ARM.Collect$$libinit$$00000019  c_w.l(libinit2.o)
    0x08000114   0x00000000   Code   RO         5579    .ARM.Collect$$libinit$$0000001B  c_w.l(libinit2.o)
    0x08000114   0x00000000   Code   RO         5581    .ARM.Collect$$libinit$$0000001D  c_w.l(libinit2.o)
    0x08000114   0x00000000   Code   RO         5583    .ARM.Collect$$libinit$$0000001F  c_w.l(libinit2.o)
    0x08000114   0x00000000   Code   RO         5585    .ARM.Collect$$libinit$$00000021  c_w.l(libinit2.o)
    0x08000114   0x00000004   Code   RO         5586    .ARM.Collect$$libinit$$00000022  c_w.l(libinit2.o)
    0x08000118   0x00000000   Code   RO         5587    .ARM.Collect$$libinit$$00000023  c_w.l(libinit2.o)
    0x08000118   0x00000000   Code   RO         5591    .ARM.Collect$$libinit$$0000002A  c_w.l(libinit2.o)
    0x08000118   0x00000000   Code   RO         5593    .ARM.Collect$$libinit$$0000002C  c_w.l(libinit2.o)
    0x08000118   0x00000000   Code   RO         5595    .ARM.Collect$$libinit$$0000002E  c_w.l(libinit2.o)
    0x08000118   0x00000000   Code   RO         5597    .ARM.Collect$$libinit$$00000030  c_w.l(libinit2.o)
    0x08000118   0x00000002   Code   RO         5598    .ARM.Collect$$libinit$$00000031  c_w.l(libinit2.o)
    0x0800011a   0x00000002   Code   RO         5708    .ARM.Collect$$libshutdown$$00000000  c_w.l(libshutdown.o)
    0x0800011c   0x00000004   Code   RO         5600    .ARM.Collect$$libshutdown$$00000002  c_w.l(libshutdown2.o)
    0x08000120   0x00000000   Code   RO         5601    .ARM.Collect$$libshutdown$$00000003  c_w.l(libshutdown2.o)
    0x08000120   0x00000000   Code   RO         5604    .ARM.Collect$$libshutdown$$00000006  c_w.l(libshutdown2.o)
    0x08000120   0x00000000   Code   RO         5607    .ARM.Collect$$libshutdown$$00000009  c_w.l(libshutdown2.o)
    0x08000120   0x00000000   Code   RO         5609    .ARM.Collect$$libshutdown$$0000000B  c_w.l(libshutdown2.o)
    0x08000120   0x00000000   Code   RO         5612    .ARM.Collect$$libshutdown$$0000000E  c_w.l(libshutdown2.o)
    0x08000120   0x00000002   Code   RO         5613    .ARM.Collect$$libshutdown$$0000000F  c_w.l(libshutdown2.o)
    0x08000122   0x00000000   Code   RO         5401    .ARM.Collect$$rtentry$$00000000  c_w.l(rtentry.o)
    0x08000122   0x00000000   Code   RO         5430    .ARM.Collect$$rtentry$$00000002  c_w.l(rtentry2.o)
    0x08000122   0x00000006   Code   RO         5442    .ARM.Collect$$rtentry$$00000004  c_w.l(rtentry4.o)
    0x08000128   0x00000000   Code   RO         5432    .ARM.Collect$$rtentry$$00000009  c_w.l(rtentry2.o)
    0x08000128   0x00000004   Code   RO         5433    .ARM.Collect$$rtentry$$0000000A  c_w.l(rtentry2.o)
    0x0800012c   0x00000000   Code   RO         5435    .ARM.Collect$$rtentry$$0000000C  c_w.l(rtentry2.o)
    0x0800012c   0x00000008   Code   RO         5436    .ARM.Collect$$rtentry$$0000000D  c_w.l(rtentry2.o)
    0x08000134   0x00000002   Code   RO         5619    .ARM.Collect$$rtexit$$00000000  c_w.l(rtexit.o)
    0x08000136   0x00000000   Code   RO         5657    .ARM.Collect$$rtexit$$00000002  c_w.l(rtexit2.o)
    0x08000136   0x00000004   Code   RO         5658    .ARM.Collect$$rtexit$$00000003  c_w.l(rtexit2.o)
    0x0800013a   0x00000006   Code   RO         5659    .ARM.Collect$$rtexit$$00000004  c_w.l(rtexit2.o)
    0x08000140   0x00000000   Code   RO         5663    .emb_text           c_w.l(maybetermalloc1.o)
    0x08000140   0x00000040   Code   RO          473    .text               startup_stm32f103x6.o
    0x08000180   0x00000002   Code   RO         5316    .text               c_w.l(use_no_semi_2.o)
    0x08000182   0x00000002   PAD
    0x08000184   0x00000018   Code   RO         5322    .text               c_w.l(noretval__2printf.o)
    0x0800019c   0x00000068   Code   RO         5324    .text               c_w.l(__printf.o)
    0x08000204   0x00000052   Code   RO         5326    .text               c_w.l(_printf_str.o)
    0x08000256   0x00000002   PAD
    0x08000258   0x00000078   Code   RO         5328    .text               c_w.l(_printf_dec.o)
    0x080002d0   0x0000005c   Code   RO         5333    .text               c_w.l(_printf_hex_int.o)
    0x0800032c   0x0000003e   Code   RO         5383    .text               c_w.l(strlen.o)
    0x0800036a   0x0000004e   Code   RO         5393    .text               c_w.l(rt_memclr_w.o)
    0x080003b8   0x00000006   Code   RO         5395    .text               c_w.l(heapauxi.o)
    0x080003be   0x00000002   Code   RO         5399    .text               c_w.l(use_no_semi.o)
    0x080003c0   0x000000b8   Code   RO         5402    .text               c_w.l(_printf_intcommon.o)
    0x08000478   0x0000002c   Code   RO         5404    .text               c_w.l(_printf_char.o)
    0x080004a4   0x00000024   Code   RO         5406    .text               c_w.l(_printf_char_file.o)
    0x080004c8   0x000000f8   Code   RO         5409    .text               c_w.l(fseek.o)
    0x080005c0   0x000000f0   Code   RO         5411    .text               c_w.l(stdio.o)
    0x080006b0   0x00000066   Code   RO         5424    .text               c_w.l(sys_io.o)
    0x08000716   0x00000002   PAD
    0x08000718   0x00000030   Code   RO         5446    .text               c_w.l(_printf_char_common.o)
    0x08000748   0x00000008   Code   RO         5448    .text               c_w.l(ferror.o)
    0x08000750   0x00000046   Code   RO         5450    .text               c_w.l(ftell.o)
    0x08000796   0x00000002   PAD
    0x08000798   0x00000138   Code   RO         5452    .text               c_w.l(initio.o)
    0x080008d0   0x0000000a   Code   RO         5458    .text               c_w.l(defsig_exit.o)
    0x080008da   0x00000000   Code   RO         5464    .text               c_w.l(indicate_semi.o)
    0x080008da   0x0000004a   Code   RO         5465    .text               c_w.l(sys_stackheap_outer.o)
    0x08000924   0x00000008   Code   RO         5470    .text               c_w.l(rt_errno_addr_intlibspace.o)
    0x0800092c   0x0000004e   Code   RO         5474    .text               c_w.l(h1_free.o)
    0x0800097a   0x00000046   Code   RO         5530    .text               c_w.l(setvbuf.o)
    0x080009c0   0x000000ec   Code   RO         5532    .text               c_w.l(fopen.o)
    0x08000aac   0x0000004c   Code   RO         5534    .text               c_w.l(fclose.o)
    0x08000af8   0x0000000c   Code   RO         5540    .text               c_w.l(exit.o)
    0x08000b04   0x00000032   Code   RO         5544    .text               c_w.l(defsig_general.o)
    0x08000b36   0x0000000e   Code   RO         5546    .text               c_w.l(defsig_rtred_outer.o)
    0x08000b44   0x0000000e   Code   RO         5614    .text               c_w.l(sys_wrch.o)
    0x08000b52   0x00000002   PAD
    0x08000b54   0x00000008   Code   RO         5616    .text               c_w.l(libspace.o)
    0x08000b5c   0x00000008   Code   RO         5624    .text               c_w.l(rt_heap_descriptor_intlibspace.o)
    0x08000b64   0x00000004   Code   RO         5626    .text               c_w.l(hguard.o)
    0x08000b68   0x0000008a   Code   RO         5628    .text               c_w.l(init_alloc.o)
    0x08000bf2   0x0000005e   Code   RO         5634    .text               c_w.l(h1_alloc.o)
    0x08000c50   0x00000034   Code   RO         5648    .text               c_w.l(defsig_rtred_inner.o)
    0x08000c84   0x0000000e   Code   RO         5665    .text               c_w.l(h1_init.o)
    0x08000c92   0x00000034   Code   RO         5667    .text               c_w.l(h1_extend.o)
    0x08000cc6   0x00000002   PAD
    0x08000cc8   0x00000050   Code   RO         5675    .text               c_w.l(defsig_rtmem_inner.o)
    0x08000d18   0x0000000e   Code   RO         5677    .text               c_w.l(defsig_rtmem_outer.o)
    0x08000d26   0x00000004   Code   RO          278    i.BusFault_Handler  stm32f1xx_it.o
    0x08000d2a   0x00000002   Code   RO          279    i.DebugMon_Handler  stm32f1xx_it.o
    0x08000d2c   0x0000016c   Code   RO          354    i.ENC28J60_Init     enc28j60.o
    0x08000e98   0x0000003e   Code   RO          355    i.ENC28J60_PHY_Write  enc28j60.o
    0x08000ed6   0x00000002   PAD
    0x08000ed8   0x000000d4   Code   RO          356    i.ENC28J60_Packet_Receive  enc28j60.o
    0x08000fac   0x00000014   Code   RO          358    i.ENC28J60_Read     enc28j60.o
    0x08000fc0   0x00000050   Code   RO          359    i.ENC28J60_Read_Buf  enc28j60.o
    0x08001010   0x00000070   Code   RO          360    i.ENC28J60_Read_Op  enc28j60.o
    0x08001080   0x0000005c   Code   RO          361    i.ENC28J60_Reset    enc28j60.o
    0x080010dc   0x00000034   Code   RO          362    i.ENC28J60_Set_Bank  enc28j60.o
    0x08001110   0x00000018   Code   RO          363    i.ENC28J60_Write    enc28j60.o
    0x08001128   0x00000054   Code   RO          365    i.ENC28J60_Write_Op  enc28j60.o
    0x0800117c   0x00000004   Code   RO            4    i.Error_Handler     main.o
    0x08001180   0x0000001a   Code   RO          609    i.HAL_Delay         stm32f1xx_hal.o
    0x0800119a   0x00000002   PAD
    0x0800119c   0x00000308   Code   RO          811    i.HAL_GPIO_Init     stm32f1xx_hal_gpio.o
    0x080014a4   0x0000000c   Code   RO          815    i.HAL_GPIO_WritePin  stm32f1xx_hal_gpio.o
    0x080014b0   0x0000000c   Code   RO          613    i.HAL_GetTick       stm32f1xx_hal.o
    0x080014bc   0x00000010   Code   RO          614    i.HAL_IncTick       stm32f1xx_hal.o
    0x080014cc   0x00000028   Code   RO          615    i.HAL_Init          stm32f1xx_hal.o
    0x080014f4   0x00000024   Code   RO          616    i.HAL_InitTick      stm32f1xx_hal.o
    0x08001518   0x00000078   Code   RO          214    i.HAL_MspInit       stm32f1xx_hal_msp.o
    0x08001590   0x0000007c   Code   RO          488    i.HAL_NVIC_SetPriority  stm32f1xx_hal_cortex.o
    0x0800160c   0x00000028   Code   RO          489    i.HAL_NVIC_SetPriorityGrouping  stm32f1xx_hal_cortex.o
    0x08001634   0x00000290   Code   RO          875    i.HAL_RCC_ClockConfig  stm32f1xx_hal_rcc.o
    0x080018c4   0x0000000c   Code   RO          880    i.HAL_RCC_GetHCLKFreq  stm32f1xx_hal_rcc.o
    0x080018d0   0x0000002c   Code   RO          882    i.HAL_RCC_GetPCLK1Freq  stm32f1xx_hal_rcc.o
    0x080018fc   0x0000002c   Code   RO          883    i.HAL_RCC_GetPCLK2Freq  stm32f1xx_hal_rcc.o
    0x08001928   0x000000b4   Code   RO          884    i.HAL_RCC_GetSysClockFreq  stm32f1xx_hal_rcc.o
    0x080019dc   0x00000854   Code   RO          887    i.HAL_RCC_OscConfig  stm32f1xx_hal_rcc.o
    0x08002230   0x0000008c   Code   RO         1053    i.HAL_SPI_Init      stm32f1xx_hal_spi_ex.o
    0x080022bc   0x00000060   Code   RO          216    i.HAL_SPI_MspInit   stm32f1xx_hal_msp.o
    0x0800231c   0x00000344   Code   RO         1331    i.HAL_SPI_TransmitReceive  stm32f1xx_hal_spi.o
    0x08002660   0x00000028   Code   RO          491    i.HAL_SYSTICK_CLKSourceConfig  stm32f1xx_hal_cortex.o
    0x08002688   0x00000002   Code   RO          492    i.HAL_SYSTICK_Callback  stm32f1xx_hal_cortex.o
    0x0800268a   0x00000034   Code   RO          493    i.HAL_SYSTICK_Config  stm32f1xx_hal_cortex.o
    0x080026be   0x00000008   Code   RO          494    i.HAL_SYSTICK_IRQHandler  stm32f1xx_hal_cortex.o
    0x080026c6   0x00000062   Code   RO         1924    i.HAL_TIMEx_MasterConfigSynchronization  stm32f1xx_hal_tim_ex.o
    0x08002728   0x00000034   Code   RO         2142    i.HAL_TIM_Base_Init  stm32f1xx_hal_tim.o
    0x0800275c   0x00000030   Code   RO          218    i.HAL_TIM_Base_MspInit  stm32f1xx_hal_msp.o
    0x0800278c   0x00000132   Code   RO         2151    i.HAL_TIM_ConfigClockSource  stm32f1xx_hal_tim.o
    0x080028be   0x0000006e   Code   RO         1681    i.HAL_UART_Init     stm32f1xx_hal_uart.o
    0x0800292c   0x00000064   Code   RO          220    i.HAL_UART_MspInit  stm32f1xx_hal_msp.o
    0x08002990   0x000000f0   Code   RO         1689    i.HAL_UART_Transmit  stm32f1xx_hal_uart.o
    0x08002a80   0x00000004   Code   RO          280    i.HardFault_Handler  stm32f1xx_it.o
    0x08002a84   0x00000050   Code   RO            5    i.MX_GPIO_Init      main.o
    0x08002ad4   0x00000044   Code   RO            6    i.MX_SPI1_Init      main.o
    0x08002b18   0x00000060   Code   RO            7    i.MX_TIM1_Init      main.o
    0x08002b78   0x00000038   Code   RO            8    i.MX_USART1_UART_Init  main.o
    0x08002bb0   0x00000004   Code   RO          281    i.MemManage_Handler  stm32f1xx_it.o
    0x08002bb4   0x00000002   Code   RO          282    i.NMI_Handler       stm32f1xx_it.o
    0x08002bb6   0x00000002   PAD
    0x08002bb8   0x00000010   Code   RO          495    i.NVIC_GetPriorityGrouping  stm32f1xx_hal_cortex.o
    0x08002bc8   0x00000028   Code   RO          496    i.NVIC_SetPriority  stm32f1xx_hal_cortex.o
    0x08002bf0   0x00000002   Code   RO          283    i.PendSV_Handler    stm32f1xx_it.o
    0x08002bf2   0x00000112   Code   RO         1353    i.SPI_WaitOnFlagUntilTimeout  stm32f1xx_hal_spi.o
    0x08002d04   0x00000002   Code   RO          284    i.SVC_Handler       stm32f1xx_it.o
    0x08002d06   0x0000000c   Code   RO          285    i.SysTick_Handler   stm32f1xx_it.o
    0x08002d12   0x00000074   Code   RO            9    i.SystemClock_Config  main.o
    0x08002d86   0x00000002   PAD
    0x08002d88   0x00000058   Code   RO         2782    i.SystemInit        system_stm32f1xx.o
    0x08002de0   0x0000005c   Code   RO         2226    i.TIM_Base_SetConfig  stm32f1xx_hal_tim.o
    0x08002e3c   0x00000018   Code   RO         2233    i.TIM_ETR_SetConfig  stm32f1xx_hal_tim.o
    0x08002e54   0x00000014   Code   RO         2234    i.TIM_ITRx_SetConfig  stm32f1xx_hal_tim.o
    0x08002e68   0x0000002a   Code   RO         2240    i.TIM_TI1_ConfigInputStage  stm32f1xx_hal_tim.o
    0x08002e92   0x0000002c   Code   RO         2242    i.TIM_TI2_ConfigInputStage  stm32f1xx_hal_tim.o
    0x08002ebe   0x00000002   PAD
    0x08002ec0   0x000001c8   Code   RO         1701    i.UART_SetConfig    stm32f1xx_hal_uart.o
    0x08003088   0x000000fa   Code   RO         1703    i.UART_WaitOnFlagUntilTimeout  stm32f1xx_hal_uart.o
    0x08003182   0x00000004   Code   RO          286    i.UsageFault_Handler  stm32f1xx_it.o
    0x08003186   0x00000004   Code   RO           10    i._sys_exit         main.o
    0x0800318a   0x00000002   PAD
    0x0800318c   0x00000018   Code   RO           11    i.fputc             main.o
    0x080031a4   0x00000130   Code   RO           12    i.main              main.o
    0x080032d4   0x00000050   Code   RO          366    i.tapdev_init       enc28j60.o
    0x08003324   0x00000014   Code   RO          367    i.tapdev_read       enc28j60.o
    0x08003338   0x00000006   Data   RO          370    .constdata          enc28j60.o
    0x0800333e   0x00000018   Data   RO         2783    .constdata          system_stm32f1xx.o
    0x08003356   0x00000028   Data   RO         5334    .constdata          c_w.l(_printf_hex_int.o)
    0x0800337e   0x00000004   Data   RO         5425    .constdata          c_w.l(sys_io.o)
    0x08003382   0x00000004   Data   RO         5426    .constdata          c_w.l(sys_io.o)
    0x08003386   0x00000004   Data   RO         5427    .constdata          c_w.l(sys_io.o)
    0x0800338a   0x00000002   PAD
    0x0800338c   0x00000000   Data   RO         5713    Region$$Table       anon$$obj.o


    Execution Region RW_IRAM1 (Base: 0x20000000, Size: 0x000008b8, Max: 0x00002800, ABSOLUTE)

    Base Addr    Size         Type   Attr      Idx    E Section Name        Object

    0x20000000   0x0000000a   Data   RW          371    .data               enc28j60.o
    0x2000000a   0x00000002   PAD
    0x2000000c   0x00000004   Data   RW          621    .data               stm32f1xx_hal.o
    0x20000010   0x00000001   Data   RW         1055    .data               stm32f1xx_hal_spi_ex.o
    0x20000011   0x00000003   PAD
    0x20000014   0x00000004   Data   RW         2784    .data               system_stm32f1xx.o
    0x20000018   0x00000004   Data   RW         5417    .data               c_w.l(stdio_streams.o)
    0x2000001c   0x00000004   Data   RW         5418    .data               c_w.l(stdio_streams.o)
    0x20000020   0x00000004   Data   RW         5419    .data               c_w.l(stdio_streams.o)
    0x20000024   0x000000d4   Zero   RW           13    .bss                main.o
    0x200000f8   0x00000064   Zero   RW          369    .bss                enc28j60.o
    0x2000015c   0x00000054   Zero   RW         5414    .bss                c_w.l(stdio_streams.o)
    0x200001b0   0x00000054   Zero   RW         5415    .bss                c_w.l(stdio_streams.o)
    0x20000204   0x00000054   Zero   RW         5416    .bss                c_w.l(stdio_streams.o)
    0x20000258   0x00000060   Zero   RW         5617    .bss                c_w.l(libspace.o)
    0x200002b8   0x00000200   Zero   RW          471    HEAP                startup_stm32f103x6.o
    0x200004b8   0x00000400   Zero   RW          470    STACK               startup_stm32f103x6.o

