<html>
<body>
<pre>
<h1>µVision Build Log</h1>
<h2>Project:</h2>
E:\work\proteus_proj\net\stm32_proj\net_stm32_proj\MDK-ARM\net_stm32_proj.uvproj
Project File Date:  06/13/2017

<h2>Output:</h2>
Build target 'net_stm32_proj'
compiling main.c...
compiling stm32f1xx_hal_msp.c...
compiling stm32f1xx_it.c...
assembling startup_stm32f103x6.s...
compiling stm32f1xx_hal_cortex.c...
compiling stm32f1xx_hal.c...
compiling stm32f1xx_hal_rcc_ex.c...
compiling stm32f1xx_hal_gpio_ex.c...
compiling stm32f1xx_hal_gpio.c...
compiling stm32f1xx_hal_rcc.c...
compiling stm32f1xx_hal_dma.c...
compiling stm32f1xx_hal_spi_ex.c...
compiling stm32f1xx_hal_flash.c...
compiling stm32f1xx_hal_pwr.c...
compiling stm32f1xx_hal_spi.c...
compiling stm32f1xx_hal_flash_ex.c...
compiling stm32f1xx_hal_uart.c...
compiling stm32f1xx_hal_tim_ex.c...
compiling stm32f1xx_hal_tim.c...
compiling system_stm32f1xx.c...
linking...
Program Size: Code=7700 RO-data=292 RW-data=16 ZI-data=1848  
FromELF: creating hex file...
"net_stm32_proj\net_stm32_proj.axf" - 0 Errors, 0 Warning(s).
Build target 'net_stm32_proj'
compiling main.c...
compiling stm32f1xx_hal_msp.c...
compiling stm32f1xx_it.c...
assembling startup_stm32f103x6.s...
compiling stm32f1xx_hal_tim_ex.c...
compiling stm32f1xx_hal_tim.c...
linking...
Program Size: Code=7928 RO-data=292 RW-data=16 ZI-data=1848  
FromELF: creating hex file...
"net_stm32_proj\net_stm32_proj.axf" - 0 Errors, 0 Warning(s).
Build target 'net_stm32_proj'
compiling main.c...
compiling stm32f1xx_hal_msp.c...
compiling stm32f1xx_it.c...
compiling enc28j60.c...
..\Src\ENC28J60\enc28j60.c(86): error:  #137: expression must be a modifiable lvalue
..\Src\ENC28J60\enc28j60.c(88): error:  #137: expression must be a modifiable lvalue
..\Src\ENC28J60\enc28j60.c(98): error:  #137: expression must be a modifiable lvalue
..\Src\ENC28J60\enc28j60.c(106): error:  #137: expression must be a modifiable lvalue
..\Src\ENC28J60\enc28j60.c(116): error:  #137: expression must be a modifiable lvalue
..\Src\ENC28J60\enc28j60.c(118): warning:  #223-D: function "SPI2_ReadWriteByte" declared implicitly
..\Src\ENC28J60\enc28j60.c(120): error:  #137: expression must be a modifiable lvalue
..\Src\ENC28J60\enc28j60.c(127): error:  #137: expression must be a modifiable lvalue
..\Src\ENC28J60\enc28j60.c(128): warning:  #223-D: function "SPI2_ReadWriteByte" declared implicitly
..\Src\ENC28J60\enc28j60.c(136): error:  #137: expression must be a modifiable lvalue
..\Src\ENC28J60\enc28j60.c(143): error:  #137: expression must be a modifiable lvalue
..\Src\ENC28J60\enc28j60.c(144): warning:  #223-D: function "SPI2_ReadWriteByte" declared implicitly
..\Src\ENC28J60\enc28j60.c(151): error:  #137: expression must be a modifiable lvalue
..\Src\ENC28J60\enc28j60.c(203): warning:  #223-D: function "delay_ms" declared implicitly
..\Src\ENC28J60\enc28j60.c(377): error:  #5: cannot open source input file "uip.h": No such file or directory
compiling stm32f1xx_hal_cortex.c...
compiling stm32f1xx_hal.c...
compiling stm32f1xx_hal_rcc_ex.c...
compiling stm32f1xx_hal_gpio_ex.c...
compiling stm32f1xx_hal_gpio.c...
compiling stm32f1xx_hal_rcc.c...
compiling stm32f1xx_hal_dma.c...
compiling stm32f1xx_hal_spi_ex.c...
compiling stm32f1xx_hal_flash.c...
compiling stm32f1xx_hal_pwr.c...
compiling stm32f1xx_hal_spi.c...
compiling stm32f1xx_hal_flash_ex.c...
compiling stm32f1xx_hal_uart.c...
compiling stm32f1xx_hal_tim_ex.c...
compiling stm32f1xx_hal_tim.c...
compiling system_stm32f1xx.c...
"net_stm32_proj\net_stm32_proj.axf" - 11 Errors, 4 Warning(s).
Target not created
Build target 'net_stm32_proj'
compiling enc28j60.c...
linking...
Program Size: Code=7928 RO-data=292 RW-data=16 ZI-data=1848  
FromELF: creating hex file...
"net_stm32_proj\net_stm32_proj.axf" - 0 Errors, 0 Warning(s).
Build target 'net_stm32_proj'
compiling enc28j60.c...
..\Src\ENC28J60\enc28j60.c(45): error:  #20: identifier "uip_len" is undefined
"net_stm32_proj\net_stm32_proj.axf" - 1 Errors, 0 Warning(s).
Target not created
Build target 'net_stm32_proj'
compiling enc28j60.c...
linking...
Program Size: Code=7928 RO-data=292 RW-data=16 ZI-data=1848  
FromELF: creating hex file...
"net_stm32_proj\net_stm32_proj.axf" - 0 Errors, 0 Warning(s).
Build target 'net_stm32_proj'
compiling enc28j60.c...
linking...
Program Size: Code=7928 RO-data=292 RW-data=16 ZI-data=1848  
FromELF: creating hex file...
"net_stm32_proj\net_stm32_proj.axf" - 0 Errors, 0 Warning(s).
Build target 'net_stm32_proj'
compiling main.c...
../Src/main.c(117): warning:  #223-D: function "tapdev_init" declared implicitly
linking...
Program Size: Code=10888 RO-data=300 RW-data=32 ZI-data=1848  
FromELF: creating hex file...
"net_stm32_proj\net_stm32_proj.axf" - 0 Errors, 1 Warning(s).
Build target 'net_stm32_proj'
compiling main.c...
linking...
Program Size: Code=10888 RO-data=300 RW-data=32 ZI-data=1848  
FromELF: creating hex file...
"net_stm32_proj\net_stm32_proj.axf" - 0 Errors, 0 Warning(s).
Build target 'net_stm32_proj'
compiling main.c...
linking...
Program Size: Code=10908 RO-data=300 RW-data=32 ZI-data=1848  
FromELF: creating hex file...
"net_stm32_proj\net_stm32_proj.axf" - 0 Errors, 0 Warning(s).
Build target 'net_stm32_proj'
compiling main.c...
linking...
Program Size: Code=8672 RO-data=292 RW-data=16 ZI-data=1848  
FromELF: creating hex file...
"net_stm32_proj\net_stm32_proj.axf" - 0 Errors, 0 Warning(s).
Build target 'net_stm32_proj'
compiling main.c...
linking...
Program Size: Code=8692 RO-data=292 RW-data=16 ZI-data=1848  
FromELF: creating hex file...
"net_stm32_proj\net_stm32_proj.axf" - 0 Errors, 0 Warning(s).
Build target 'net_stm32_proj'
compiling main.c...
linking...
Program Size: Code=8692 RO-data=292 RW-data=16 ZI-data=1848  
FromELF: creating hex file...
"net_stm32_proj\net_stm32_proj.axf" - 0 Errors, 0 Warning(s).
Build target 'net_stm32_proj'
compiling main.c...
../Src/main.c(99): warning:  #177-D: variable "sptdata" was declared but never referenced
linking...
Program Size: Code=7928 RO-data=292 RW-data=16 ZI-data=1848  
FromELF: creating hex file...
"net_stm32_proj\net_stm32_proj.axf" - 0 Errors, 1 Warning(s).
Build target 'net_stm32_proj'
compiling main.c...
../Src/main.c(99): warning:  #177-D: variable "sptdata" was declared but never referenced
linking...
Program Size: Code=10912 RO-data=300 RW-data=32 ZI-data=1848  
FromELF: creating hex file...
"net_stm32_proj\net_stm32_proj.axf" - 0 Errors, 1 Warning(s).
Build target 'net_stm32_proj'
compiling main.c...
../Src/main.c(134): error:  #20: identifier "uip_len" is undefined
../Src/main.c(134): warning:  #223-D: function "tapdev_read" declared implicitly
../Src/main.c(139): error:  #20: identifier "uip_buf" is undefined
../Src/main.c(99): warning:  #177-D: variable "sptdata" was declared but never referenced
compiling enc28j60.c...
"net_stm32_proj\net_stm32_proj.axf" - 2 Errors, 2 Warning(s).
Target not created
Build target 'net_stm32_proj'
compiling main.c...
../Src/main.c(134): warning:  #223-D: function "tapdev_read" declared implicitly
../Src/main.c(139): error:  #20: identifier "uip_buf" is undefined
../Src/main.c(99): warning:  #177-D: variable "sptdata" was declared but never referenced
"net_stm32_proj\net_stm32_proj.axf" - 1 Errors, 2 Warning(s).
Target not created
Build target 'net_stm32_proj'
compiling main.c...
../Src/main.c(135): warning:  #223-D: function "tapdev_read" declared implicitly
../Src/main.c(100): warning:  #177-D: variable "sptdata" was declared but never referenced
linking...
Program Size: Code=11580 RO-data=340 RW-data=32 ZI-data=3896  
FromELF: creating hex file...
"net_stm32_proj\net_stm32_proj.axf" - 0 Errors, 2 Warning(s).
Build target 'net_stm32_proj'
compiling main.c...
../Src/main.c(100): warning:  #177-D: variable "sptdata" was declared but never referenced
compiling enc28j60.c...
linking...
Program Size: Code=11580 RO-data=340 RW-data=32 ZI-data=3896  
FromELF: creating hex file...
"net_stm32_proj\net_stm32_proj.axf" - 0 Errors, 1 Warning(s).
Build target 'net_stm32_proj'
compiling enc28j60.c...
linking...
Program Size: Code=11604 RO-data=340 RW-data=32 ZI-data=3896  
FromELF: creating hex file...
"net_stm32_proj\net_stm32_proj.axf" - 0 Errors, 0 Warning(s).
Build target 'net_stm32_proj'
compiling enc28j60.c...
linking...
Program Size: Code=11728 RO-data=340 RW-data=32 ZI-data=3896  
FromELF: creating hex file...
"net_stm32_proj\net_stm32_proj.axf" - 0 Errors, 0 Warning(s).
Build target 'net_stm32_proj'
compiling main.c...
../Src/main.c(101): warning:  #177-D: variable "i" was declared but never referenced
linking...
Program Size: Code=9672 RO-data=292 RW-data=16 ZI-data=1848  
FromELF: creating hex file...
"net_stm32_proj\net_stm32_proj.axf" - 0 Errors, 1 Warning(s).
Build target 'net_stm32_proj'
compiling main.c...
../Src/main.c(100): warning:  #177-D: variable "sptdata" was declared but never referenced
../Src/main.c(101): warning:  #177-D: variable "i" was declared but never referenced
linking...
Program Size: Code=11224 RO-data=300 RW-data=32 ZI-data=1848  
FromELF: creating hex file...
"net_stm32_proj\net_stm32_proj.axf" - 0 Errors, 2 Warning(s).
Build target 'net_stm32_proj'
compiling main.c...
../Src/main.c(100): warning:  #177-D: variable "sptdata" was declared but never referenced
../Src/main.c(101): warning:  #177-D: variable "i" was declared but never referenced
linking...
Program Size: Code=11224 RO-data=300 RW-data=32 ZI-data=1848  
FromELF: creating hex file...
"net_stm32_proj\net_stm32_proj.axf" - 0 Errors, 2 Warning(s).
Build target 'net_stm32_proj'
compiling enc28j60.c...
linking...
Program Size: Code=11224 RO-data=300 RW-data=32 ZI-data=1848  
FromELF: creating hex file...
"net_stm32_proj\net_stm32_proj.axf" - 0 Errors, 0 Warning(s).
Build target 'net_stm32_proj'
linking...
Program Size: Code=11224 RO-data=300 RW-data=32 ZI-data=1848  
FromELF: creating hex file...
"net_stm32_proj\net_stm32_proj.axf" - 0 Errors, 0 Warning(s).
Build target 'net_stm32_proj'
linking...
Program Size: Code=11224 RO-data=300 RW-data=32 ZI-data=1848  
FromELF: creating hex file...
"net_stm32_proj\net_stm32_proj.axf" - 0 Errors, 0 Warning(s).
Build target 'net_stm32_proj'
compiling main.c...
../Src/main.c(100): warning:  #177-D: variable "sptdata" was declared but never referenced
../Src/main.c(101): warning:  #177-D: variable "i" was declared but never referenced
linking...
Program Size: Code=11224 RO-data=300 RW-data=32 ZI-data=1848  
FromELF: creating hex file...
"net_stm32_proj\net_stm32_proj.axf" - 0 Errors, 2 Warning(s).
Build target 'net_stm32_proj'
compiling main.c...
../Src/main.c(100): warning:  #177-D: variable "sptdata" was declared but never referenced
../Src/main.c(101): warning:  #177-D: variable "i" was declared but never referenced
linking...
Program Size: Code=11224 RO-data=300 RW-data=32 ZI-data=1848  
FromELF: creating hex file...
"net_stm32_proj\net_stm32_proj.axf" - 0 Errors, 2 Warning(s).
Load "net_stm32_proj\\net_stm32_proj.axf" 
Build target 'net_stm32_proj'
compiling main.c...
../Src/main.c(101): warning:  #177-D: variable "i" was declared but never referenced
linking...
Program Size: Code=10156 RO-data=292 RW-data=16 ZI-data=1848  
FromELF: creating hex file...
"net_stm32_proj\net_stm32_proj.axf" - 0 Errors, 1 Warning(s).
Build target 'net_stm32_proj'
compiling main.c...
../Src/main.c(152): error:  #65: expected a ";"
../Src/main.c(100): warning:  #550-D: variable "sptdata" was set but never used
../Src/main.c(101): warning:  #177-D: variable "i" was declared but never referenced
"net_stm32_proj\net_stm32_proj.axf" - 1 Errors, 2 Warning(s).
Target not created
Build target 'net_stm32_proj'
compiling main.c...
../Src/main.c(101): warning:  #177-D: variable "i" was declared but never referenced
linking...
Program Size: Code=9088 RO-data=292 RW-data=16 ZI-data=1848  
FromELF: creating hex file...
"net_stm32_proj\net_stm32_proj.axf" - 0 Errors, 1 Warning(s).
Build target 'net_stm32_proj'
compiling main.c...
../Src/main.c(153): error:  #167: argument of type "uint8_t (*)[2]" is incompatible with parameter of type "uint8_t *"
../Src/main.c(153): error:  #167: argument of type "uint8_t (*)[2]" is incompatible with parameter of type "uint8_t *"
../Src/main.c(100): warning:  #550-D: variable "sptdata" was set but never used
../Src/main.c(102): warning:  #177-D: variable "i" was declared but never referenced
"net_stm32_proj\net_stm32_proj.axf" - 2 Errors, 2 Warning(s).
Target not created
Build target 'net_stm32_proj'
compiling main.c...
../Src/main.c(100): warning:  #550-D: variable "sptdata" was set but never used
../Src/main.c(102): warning:  #177-D: variable "i" was declared but never referenced
linking...
Program Size: Code=9096 RO-data=292 RW-data=16 ZI-data=1848  
FromELF: creating hex file...
"net_stm32_proj\net_stm32_proj.axf" - 0 Errors, 2 Warning(s).
Build target 'net_stm32_proj'
compiling main.c...
../Src/main.c(100): warning:  #550-D: variable "sptdata" was set but never used
../Src/main.c(102): warning:  #177-D: variable "i" was declared but never referenced
linking...
Program Size: Code=9400 RO-data=332 RW-data=16 ZI-data=1848  
FromELF: creating hex file...
"net_stm32_proj\net_stm32_proj.axf" - 0 Errors, 2 Warning(s).
Build target 'net_stm32_proj'
compiling enc28j60.c...
linking...
Program Size: Code=9400 RO-data=332 RW-data=16 ZI-data=1848  
FromELF: creating hex file...
"net_stm32_proj\net_stm32_proj.axf" - 0 Errors, 0 Warning(s).
Build target 'net_stm32_proj'
compiling main.c...
../Src/main.c(100): warning:  #550-D: variable "sptdata" was set but never used
../Src/main.c(101): warning:  #177-D: variable "spid" was declared but never referenced
../Src/main.c(101): warning:  #177-D: variable "spidr" was declared but never referenced
../Src/main.c(102): warning:  #177-D: variable "i" was declared but never referenced
linking...
Program Size: Code=10208 RO-data=300 RW-data=32 ZI-data=1848  
FromELF: creating hex file...
"net_stm32_proj\net_stm32_proj.axf" - 0 Errors, 4 Warning(s).
Build target 'net_stm32_proj'
compiling enc28j60.c...
linking...
Program Size: Code=10224 RO-data=300 RW-data=32 ZI-data=1848  
FromELF: creating hex file...
"net_stm32_proj\net_stm32_proj.axf" - 0 Errors, 0 Warning(s).
Build target 'net_stm32_proj'
linking...
Program Size: Code=10224 RO-data=300 RW-data=32 ZI-data=1848  
FromELF: creating hex file...
"net_stm32_proj\net_stm32_proj.axf" - 0 Errors, 0 Warning(s).
Build target 'net_stm32_proj'
compiling main.c...
../Src/main.c(100): warning:  #550-D: variable "sptdata" was set but never used
../Src/main.c(101): warning:  #177-D: variable "spid" was declared but never referenced
../Src/main.c(101): warning:  #177-D: variable "spidr" was declared but never referenced
../Src/main.c(102): warning:  #177-D: variable "i" was declared but never referenced
compiling stm32f1xx_hal_msp.c...
compiling stm32f1xx_it.c...
compiling enc28j60.c...
compiling stm32f1xx_hal_cortex.c...
compiling stm32f1xx_hal.c...
compiling stm32f1xx_hal_rcc_ex.c...
compiling stm32f1xx_hal_gpio_ex.c...
compiling stm32f1xx_hal_gpio.c...
compiling stm32f1xx_hal_rcc.c...
compiling stm32f1xx_hal_dma.c...
compiling stm32f1xx_hal_spi_ex.c...
compiling stm32f1xx_hal_flash.c...
compiling stm32f1xx_hal_pwr.c...
compiling stm32f1xx_hal_spi.c...
compiling stm32f1xx_hal_flash_ex.c...
compiling stm32f1xx_hal_uart.c...
compiling stm32f1xx_hal_tim_ex.c...
compiling stm32f1xx_hal_tim.c...
compiling system_stm32f1xx.c...
linking...
Program Size: Code=8524 RO-data=300 RW-data=32 ZI-data=1848  
FromELF: creating hex file...
"net_stm32_proj\net_stm32_proj.axf" - 0 Errors, 4 Warning(s).
Build target 'net_stm32_proj'
compiling enc28j60.c...
linking...
Program Size: Code=8524 RO-data=300 RW-data=32 ZI-data=1848  
FromELF: creating hex file...
"net_stm32_proj\net_stm32_proj.axf" - 0 Errors, 0 Warning(s).
Build target 'net_stm32_proj'
compiling enc28j60.c...
linking...
Program Size: Code=8524 RO-data=300 RW-data=32 ZI-data=1848  
FromELF: creating hex file...
"net_stm32_proj\net_stm32_proj.axf" - 0 Errors, 0 Warning(s).
Build target 'net_stm32_proj'
compiling enc28j60.c...
linking...
Program Size: Code=8524 RO-data=300 RW-data=32 ZI-data=1848  
FromELF: creating hex file...
"net_stm32_proj\net_stm32_proj.axf" - 0 Errors, 0 Warning(s).
Build target 'net_stm32_proj'
compiling enc28j60.c...
linking...
Program Size: Code=8548 RO-data=300 RW-data=32 ZI-data=1848  
FromELF: creating hex file...
"net_stm32_proj\net_stm32_proj.axf" - 0 Errors, 0 Warning(s).
Build target 'net_stm32_proj'
linking...
Program Size: Code=8548 RO-data=300 RW-data=32 ZI-data=1848  
FromELF: creating hex file...
"net_stm32_proj\net_stm32_proj.axf" - 0 Errors, 0 Warning(s).
Build target 'net_stm32_proj'
compiling main.c...
../Src/main.c(100): warning:  #550-D: variable "sptdata" was set but never used
../Src/main.c(101): warning:  #177-D: variable "spid" was declared but never referenced
../Src/main.c(101): warning:  #177-D: variable "spidr" was declared but never referenced
../Src/main.c(102): warning:  #177-D: variable "i" was declared but never referenced
linking...
Program Size: Code=8548 RO-data=300 RW-data=32 ZI-data=1848  
FromELF: creating hex file...
"net_stm32_proj\net_stm32_proj.axf" - 0 Errors, 4 Warning(s).
Build target 'net_stm32_proj'
compiling main.c...
../Src/main.c(100): warning:  #550-D: variable "sptdata" was set but never used
../Src/main.c(101): warning:  #177-D: variable "spid" was declared but never referenced
../Src/main.c(101): warning:  #177-D: variable "spidr" was declared but never referenced
linking...
Program Size: Code=9028 RO-data=340 RW-data=32 ZI-data=3896  
FromELF: creating hex file...
"net_stm32_proj\net_stm32_proj.axf" - 0 Errors, 3 Warning(s).
Build target 'net_stm32_proj'
compiling main.c...
../Src/main.c(100): warning:  #550-D: variable "sptdata" was set but never used
../Src/main.c(101): warning:  #177-D: variable "spid" was declared but never referenced
../Src/main.c(101): warning:  #177-D: variable "spidr" was declared but never referenced
compiling enc28j60.c...
linking...
Program Size: Code=9052 RO-data=340 RW-data=32 ZI-data=3896  
FromELF: creating hex file...
"net_stm32_proj\net_stm32_proj.axf" - 0 Errors, 3 Warning(s).
Build target 'net_stm32_proj'
compiling main.c...
../Src/main.c(100): warning:  #550-D: variable "sptdata" was set but never used
../Src/main.c(101): warning:  #177-D: variable "spid" was declared but never referenced
../Src/main.c(101): warning:  #177-D: variable "spidr" was declared but never referenced
compiling stm32f1xx_hal_msp.c...
compiling stm32f1xx_it.c...
compiling enc28j60.c...
compiling stm32f1xx_hal_cortex.c...
compiling stm32f1xx_hal.c...
compiling stm32f1xx_hal_rcc_ex.c...
compiling stm32f1xx_hal_gpio_ex.c...
compiling stm32f1xx_hal_gpio.c...
compiling stm32f1xx_hal_rcc.c...
compiling stm32f1xx_hal_dma.c...
compiling stm32f1xx_hal_spi_ex.c...
compiling stm32f1xx_hal_flash.c...
compiling stm32f1xx_hal_pwr.c...
compiling stm32f1xx_hal_spi.c...
compiling stm32f1xx_hal_flash_ex.c...
compiling stm32f1xx_hal_uart.c...
compiling stm32f1xx_hal_tim_ex.c...
compiling stm32f1xx_hal_tim.c...
compiling system_stm32f1xx.c...
linking...
Program Size: Code=10760 RO-data=340 RW-data=32 ZI-data=3896  
FromELF: creating hex file...
"net_stm32_proj\net_stm32_proj.axf" - 0 Errors, 3 Warning(s).
